================================================================
== Design Size Report
================================================================

* Total Instructions per Compilation Phase
+---------------+----------------------------+--------------+----------------------------------------------------------------------------------------+
| Phase         | Step                       | Instructions | Description                                                                            |
+---------------+----------------------------+--------------+----------------------------------------------------------------------------------------+
| Compile/Link  |                            |  2,472       | After all functions are compiled and linked into a single design                       |
|               |                            |              |                                                                                        |
| Unroll/Inline |                            |              | After user unroll and inline pragmas are applied                                       |
|               | (1) unroll                 |  6,789       | user unroll pragmas are applied                                                        |
|               | (2) simplification         |  6,230       | simplification of applied user unroll pragmas                                          |
|               | (3) inline                 |  3,402       | user inline pragmas are applied                                                        |
|               | (4) simplification         |  3,402       | simplification of applied user inline pragmas                                          |
|               |                            |              |                                                                                        |
| Array/Struct  |                            |              | After user array partition and struct aggregate/disaggregate pragmas are applied       |
|               | (1) array partition        | 11,959       | user array partition pragmas are applied                                               |
|               | (2) simplification         |  3,511       | simplification of applied user array partition & struct aggregate/disaggregate pragmas |
|               | (3) aggregate/disaggregate |  3,511       | user struct aggregate/disaggregate pragmas are applied                                 |
|               | (4) array reshape          |  3,511       | apply array reshape pragmas                                                            |
|               | (5) access patterns        |  3,511       | array access pattern optmizations                                                      |
|               |                            |              |                                                                                        |
| Performance   |                            |              | After transformations are applied to meet performance pragma targets                   |
|               | (1) loop simplification    |  3,511       | loop and instruction simplification                                                    |
|               | (2) parallelization        |  3,511       | loops are unrolled or pipelined to meet performance targets                            |
|               | (3) array partition        |  3,511       | arrays are partitioned to meet performance targets                                     |
|               | (4) simplification         |  3,511       | simplification of design after performance transformations                             |
|               |                            |              |                                                                                        |
| HW Transforms |                            |              | After hardware transfomations                                                          |
|               | (1) lowering               |  3,512       | initial conversion to HW specific instructions                                         |
|               | (2) optimizations          |  3,516       | high level synthesis optimizations                                                     |
+---------------+----------------------------+--------------+----------------------------------------------------------------------------------------+

* Instructions per Function for each Compilation Phase
+----------------------+-------------+----------------+---------------+--------------+-------------+---------------+
| Function             | Location    | Compile/Link   | Unroll/Inline | Array/Struct | Performance | HW Transforms |
+----------------------+-------------+----------------+---------------+--------------+-------------+---------------+
| + des_encrypt        | des.cpp:223 | 2,472          | 3,402         | 3,511        | 3,511       | 3,516         |
|  + generate_subkeys  | des.cpp:141 | 1,272          |  982          |  967         |  967        |  968          |
|     left_rotate      | des.cpp:124 |  788 (2 calls) |               |              |             |               |
|  + des_core          | des.cpp:184 | 1,175          | 2,405         | 2,517        | 2,501       | 2,502         |
|     apply_IP         | des.cpp:10  |   98           |               |              |             |               |
|   + feistel          | des.cpp:105 |  642           |               |              |             |               |
|      expand          | des.cpp:40  |   98           |               |              |             |               |
|      sbox_substitute | des.cpp:68  |  370           |               |              |             |               |
|      permute_P       | des.cpp:54  |   96           |               |              |             |               |
|     apply_FP         | des.cpp:26  |   98           |               |              |             |               |
+----------------------+-------------+----------------+---------------+--------------+-------------+---------------+

* Design Size Message Settings
+---------------------------------------------+--------+------------------------------------------------------------------+
| Message Setting                             | Value  | Description                                                      |
+---------------------------------------------+--------+------------------------------------------------------------------+
| config_compile -design_size_maximum_warning | 100000 | Show a warning when total design instructions exceeds this value |
+---------------------------------------------+--------+------------------------------------------------------------------+


