

================================================================
== Vitis HLS Report for 'des_encrypt'
================================================================
* Date:           Fri Feb  6 16:31:29 2026

* Version:        2025.2 (Build 6295257 on Nov 14 2025)
* Project:        des_crypto
* Solution:       hls (Vivado IP Flow Target)
* Product family: artix7
* Target device:  xc7a100t-csg324-1


================================================================
== Performance Estimates
================================================================
+ Timing: 
    * Summary: 
    +--------+----------+----------+------------+
    |  Clock |  Target  | Estimated| Uncertainty|
    +--------+----------+----------+------------+
    |ap_clk  |  10.00 ns|  6.724 ns|     2.70 ns|
    +--------+----------+----------+------------+

+ Latency: 
    * Summary: 
    +---------+---------+----------+----------+-----+-----+---------+
    |  Latency (cycles) |  Latency (absolute) |  Interval | Pipeline|
    |   min   |   max   |    min   |    max   | min | max |   Type  |
    +---------+---------+----------+----------+-----+-----+---------+
    |       16|       16|  0.160 us|  0.160 us|   17|   17|       no|
    +---------+---------+----------+----------+-----+-----+---------+

    + Detail: 
        * Instance: 
        +---------------------------------+------------------+---------+---------+----------+----------+-----+-----+---------+
        |                                 |                  |  Latency (cycles) |  Latency (absolute) |  Interval | Pipeline|
        |             Instance            |      Module      |   min   |   max   |    min   |    max   | min | max |   Type  |
        +---------------------------------+------------------+---------+---------+----------+----------+-----+-----+---------+
        |call_ret_generate_subkeys_fu_53  |generate_subkeys  |        0|        0|      0 ns|      0 ns|    0|    0|       no|
        |grp_des_core_fu_59               |des_core          |       15|       15|  0.150 us|  0.150 us|   15|   15|       no|
        +---------------------------------+------------------+---------+---------+----------+----------+-----+-----+---------+

        * Loop: 
        N/A



================================================================
== Utilization Estimates
================================================================
* Summary: 
+-----------------+---------+-----+--------+-------+-----+
|       Name      | BRAM_18K| DSP |   FF   |  LUT  | URAM|
+-----------------+---------+-----+--------+-------+-----+
|DSP              |        -|    -|       -|      -|    -|
|Expression       |        -|    -|       -|      -|    -|
|FIFO             |        -|    -|       -|      -|    -|
|Instance         |        -|    -|    1072|  36826|    -|
|Memory           |        -|    -|       -|      -|    -|
|Multiplexer      |        -|    -|       0|     13|    -|
|Register         |        -|    -|     835|      -|    -|
+-----------------+---------+-----+--------+-------+-----+
|Total            |        0|    0|    1907|  36839|    0|
+-----------------+---------+-----+--------+-------+-----+
|Available        |      270|  240|  126800|  63400|    0|
+-----------------+---------+-----+--------+-------+-----+
|Utilization (%)  |        0|    0|       1|     58|    0|
+-----------------+---------+-----+--------+-------+-----+

+ Detail: 
    * Instance: 
    +---------------------------------+------------------+---------+----+------+-------+-----+
    |             Instance            |      Module      | BRAM_18K| DSP|  FF  |  LUT  | URAM|
    +---------------------------------+------------------+---------+----+------+-------+-----+
    |grp_des_core_fu_59               |des_core          |        0|   0|  1072|  36826|    0|
    |call_ret_generate_subkeys_fu_53  |generate_subkeys  |        0|   0|     0|      0|    0|
    +---------------------------------+------------------+---------+----+------+-------+-----+
    |Total                            |                  |        0|   0|  1072|  36826|    0|
    +---------------------------------+------------------+---------+----+------+-------+-----+

    * DSP: 
    N/A

    * Memory: 
    N/A

    * FIFO: 
    N/A

    * Expression: 
    N/A

    * Multiplexer: 
    +-----------+----+-----------+-----+-----------+
    |    Name   | LUT| Input Size| Bits| Total Bits|
    +-----------+----+-----------+-----+-----------+
    |ap_NS_fsm  |  13|          3|    1|          3|
    +-----------+----+-----------+-----+-----------+
    |Total      |  13|          3|    1|          3|
    +-----------+----+-----------+-----+-----------+

    * Register: 
    +---------------------------------+----+----+-----+-----------+
    |               Name              | FF | LUT| Bits| Const Bits|
    +---------------------------------+----+----+-----+-----------+
    |ap_CS_fsm                        |   2|   0|    2|          0|
    |grp_des_core_fu_59_ap_start_reg  |   1|   0|    1|          0|
    |plaintext_read_reg_162           |  64|   0|   64|          0|
    |subkeys_10_reg_217               |  48|   0|   48|          0|
    |subkeys_11_reg_222               |  48|   0|   48|          0|
    |subkeys_12_reg_227               |  48|   0|   48|          0|
    |subkeys_13_reg_232               |  48|   0|   48|          0|
    |subkeys_14_reg_237               |  48|   0|   48|          0|
    |subkeys_15_reg_242               |  48|   0|   48|          0|
    |subkeys_1_reg_172                |  48|   0|   48|          0|
    |subkeys_2_reg_177                |  48|   0|   48|          0|
    |subkeys_3_reg_182                |  48|   0|   48|          0|
    |subkeys_4_reg_187                |  48|   0|   48|          0|
    |subkeys_5_reg_192                |  48|   0|   48|          0|
    |subkeys_6_reg_197                |  48|   0|   48|          0|
    |subkeys_7_reg_202                |  48|   0|   48|          0|
    |subkeys_8_reg_207                |  48|   0|   48|          0|
    |subkeys_9_reg_212                |  48|   0|   48|          0|
    |subkeys_reg_167                  |  48|   0|   48|          0|
    +---------------------------------+----+----+-----+-----------+
    |Total                            | 835|   0|  835|          0|
    +---------------------------------+----+----+-----+-----------+



================================================================
== Interface
================================================================
* Summary: 
+-------------------+-----+-----+------------+--------------+--------------+
|     RTL Ports     | Dir | Bits|  Protocol  | Source Object|    C Type    |
+-------------------+-----+-----+------------+--------------+--------------+
|ap_clk             |   in|    1|  ap_ctrl_hs|   des_encrypt|  return value|
|ap_rst             |   in|    1|  ap_ctrl_hs|   des_encrypt|  return value|
|ap_start           |   in|    1|  ap_ctrl_hs|   des_encrypt|  return value|
|ap_done            |  out|    1|  ap_ctrl_hs|   des_encrypt|  return value|
|ap_idle            |  out|    1|  ap_ctrl_hs|   des_encrypt|  return value|
|ap_ready           |  out|    1|  ap_ctrl_hs|   des_encrypt|  return value|
|plaintext          |   in|   64|     ap_none|     plaintext|        scalar|
|key                |   in|   64|     ap_none|           key|        scalar|
|ciphertext         |  out|   64|      ap_vld|    ciphertext|       pointer|
|ciphertext_ap_vld  |  out|    1|      ap_vld|    ciphertext|       pointer|
+-------------------+-----+-----+------------+--------------+--------------+

