

================================================================
== Vitis HLS Report for 'des_core'
================================================================
* Date:           Fri Feb  6 16:31:27 2026

* Version:        2025.2 (Build 6295257 on Nov 14 2025)
* Project:        des_crypto
* Solution:       hls (Vivado IP Flow Target)
* Product family: artix7
* Target device:  xc7a100t-csg324-1


================================================================
== Performance Estimates
================================================================
+ Timing: 
    * Summary: 
    +--------+----------+----------+------------+
    |  Clock |  Target  | Estimated| Uncertainty|
    +--------+----------+----------+------------+
    |ap_clk  |  10.00 ns|  6.724 ns|     2.70 ns|
    +--------+----------+----------+------------+

+ Latency: 
    * Summary: 
    +---------+---------+----------+----------+-----+-----+---------+
    |  Latency (cycles) |  Latency (absolute) |  Interval | Pipeline|
    |   min   |   max   |    min   |    max   | min | max |   Type  |
    +---------+---------+----------+----------+-----+-----+---------+
    |       15|       15|  0.150 us|  0.150 us|   15|   15|       no|
    +---------+---------+----------+----------+-----+-----+---------+

    + Detail: 
        * Instance: 
        N/A

        * Loop: 
        N/A



================================================================
== Utilization Estimates
================================================================
* Summary: 
+-----------------+---------+-----+--------+-------+-----+
|       Name      | BRAM_18K| DSP |   FF   |  LUT  | URAM|
+-----------------+---------+-----+--------+-------+-----+
|DSP              |        -|    -|       -|      -|    -|
|Expression       |        -|    -|       0|   1280|    -|
|FIFO             |        -|    -|       -|      -|    -|
|Instance         |        -|    -|       0|  35456|    -|
|Memory           |        -|    -|       -|      -|    -|
|Multiplexer      |        -|    -|       0|     90|    -|
|Register         |        -|    -|    1072|      -|    -|
+-----------------+---------+-----+--------+-------+-----+
|Total            |        0|    0|    1072|  36826|    0|
+-----------------+---------+-----+--------+-------+-----+
|Available        |      270|  240|  126800|  63400|    0|
+-----------------+---------+-----+--------+-------+-----+
|Utilization (%)  |        0|    0|      ~0|     58|    0|
+-----------------+---------+-----+--------+-------+-----+

+ Detail: 
    * Instance: 
    +---------------------------+----------------------+---------+----+---+-----+-----+
    |          Instance         |        Module        | BRAM_18K| DSP| FF| LUT | URAM|
    +---------------------------+----------------------+---------+----+---+-----+-----+
    |sparsemux_33_4_4_1_1_U2    |sparsemux_33_4_4_1_1  |        0|   0|  0|   65|    0|
    |sparsemux_33_4_4_1_1_U3    |sparsemux_33_4_4_1_1  |        0|   0|  0|   65|    0|
    |sparsemux_33_4_4_1_1_U4    |sparsemux_33_4_4_1_1  |        0|   0|  0|   65|    0|
    |sparsemux_33_4_4_1_1_U5    |sparsemux_33_4_4_1_1  |        0|   0|  0|   65|    0|
    |sparsemux_33_4_4_1_1_U7    |sparsemux_33_4_4_1_1  |        0|   0|  0|   65|    0|
    |sparsemux_33_4_4_1_1_U8    |sparsemux_33_4_4_1_1  |        0|   0|  0|   65|    0|
    |sparsemux_33_4_4_1_1_U9    |sparsemux_33_4_4_1_1  |        0|   0|  0|   65|    0|
    |sparsemux_33_4_4_1_1_U10   |sparsemux_33_4_4_1_1  |        0|   0|  0|   65|    0|
    |sparsemux_33_4_4_1_1_U12   |sparsemux_33_4_4_1_1  |        0|   0|  0|   65|    0|
    |sparsemux_33_4_4_1_1_U13   |sparsemux_33_4_4_1_1  |        0|   0|  0|   65|    0|
    |sparsemux_33_4_4_1_1_U14   |sparsemux_33_4_4_1_1  |        0|   0|  0|   65|    0|
    |sparsemux_33_4_4_1_1_U15   |sparsemux_33_4_4_1_1  |        0|   0|  0|   65|    0|
    |sparsemux_33_4_4_1_1_U17   |sparsemux_33_4_4_1_1  |        0|   0|  0|   65|    0|
    |sparsemux_33_4_4_1_1_U18   |sparsemux_33_4_4_1_1  |        0|   0|  0|   65|    0|
    |sparsemux_33_4_4_1_1_U19   |sparsemux_33_4_4_1_1  |        0|   0|  0|   65|    0|
    |sparsemux_33_4_4_1_1_U20   |sparsemux_33_4_4_1_1  |        0|   0|  0|   65|    0|
    |sparsemux_33_4_4_1_1_U22   |sparsemux_33_4_4_1_1  |        0|   0|  0|   65|    0|
    |sparsemux_33_4_4_1_1_U23   |sparsemux_33_4_4_1_1  |        0|   0|  0|   65|    0|
    |sparsemux_33_4_4_1_1_U24   |sparsemux_33_4_4_1_1  |        0|   0|  0|   65|    0|
    |sparsemux_33_4_4_1_1_U25   |sparsemux_33_4_4_1_1  |        0|   0|  0|   65|    0|
    |sparsemux_33_4_4_1_1_U27   |sparsemux_33_4_4_1_1  |        0|   0|  0|   65|    0|
    |sparsemux_33_4_4_1_1_U28   |sparsemux_33_4_4_1_1  |        0|   0|  0|   65|    0|
    |sparsemux_33_4_4_1_1_U29   |sparsemux_33_4_4_1_1  |        0|   0|  0|   65|    0|
    |sparsemux_33_4_4_1_1_U30   |sparsemux_33_4_4_1_1  |        0|   0|  0|   65|    0|
    |sparsemux_33_4_4_1_1_U32   |sparsemux_33_4_4_1_1  |        0|   0|  0|   65|    0|
    |sparsemux_33_4_4_1_1_U33   |sparsemux_33_4_4_1_1  |        0|   0|  0|   65|    0|
    |sparsemux_33_4_4_1_1_U34   |sparsemux_33_4_4_1_1  |        0|   0|  0|   65|    0|
    |sparsemux_33_4_4_1_1_U35   |sparsemux_33_4_4_1_1  |        0|   0|  0|   65|    0|
    |sparsemux_33_4_4_1_1_U37   |sparsemux_33_4_4_1_1  |        0|   0|  0|   65|    0|
    |sparsemux_33_4_4_1_1_U38   |sparsemux_33_4_4_1_1  |        0|   0|  0|   65|    0|
    |sparsemux_33_4_4_1_1_U39   |sparsemux_33_4_4_1_1  |        0|   0|  0|   65|    0|
    |sparsemux_33_4_4_1_1_U40   |sparsemux_33_4_4_1_1  |        0|   0|  0|   65|    0|
    |sparsemux_33_4_4_1_1_U42   |sparsemux_33_4_4_1_1  |        0|   0|  0|   65|    0|
    |sparsemux_33_4_4_1_1_U43   |sparsemux_33_4_4_1_1  |        0|   0|  0|   65|    0|
    |sparsemux_33_4_4_1_1_U44   |sparsemux_33_4_4_1_1  |        0|   0|  0|   65|    0|
    |sparsemux_33_4_4_1_1_U45   |sparsemux_33_4_4_1_1  |        0|   0|  0|   65|    0|
    |sparsemux_33_4_4_1_1_U47   |sparsemux_33_4_4_1_1  |        0|   0|  0|   65|    0|
    |sparsemux_33_4_4_1_1_U48   |sparsemux_33_4_4_1_1  |        0|   0|  0|   65|    0|
    |sparsemux_33_4_4_1_1_U49   |sparsemux_33_4_4_1_1  |        0|   0|  0|   65|    0|
    |sparsemux_33_4_4_1_1_U50   |sparsemux_33_4_4_1_1  |        0|   0|  0|   65|    0|
    |sparsemux_33_4_4_1_1_U52   |sparsemux_33_4_4_1_1  |        0|   0|  0|   65|    0|
    |sparsemux_33_4_4_1_1_U53   |sparsemux_33_4_4_1_1  |        0|   0|  0|   65|    0|
    |sparsemux_33_4_4_1_1_U54   |sparsemux_33_4_4_1_1  |        0|   0|  0|   65|    0|
    |sparsemux_33_4_4_1_1_U55   |sparsemux_33_4_4_1_1  |        0|   0|  0|   65|    0|
    |sparsemux_33_4_4_1_1_U57   |sparsemux_33_4_4_1_1  |        0|   0|  0|   65|    0|
    |sparsemux_33_4_4_1_1_U58   |sparsemux_33_4_4_1_1  |        0|   0|  0|   65|    0|
    |sparsemux_33_4_4_1_1_U59   |sparsemux_33_4_4_1_1  |        0|   0|  0|   65|    0|
    |sparsemux_33_4_4_1_1_U60   |sparsemux_33_4_4_1_1  |        0|   0|  0|   65|    0|
    |sparsemux_33_4_4_1_1_U62   |sparsemux_33_4_4_1_1  |        0|   0|  0|   65|    0|
    |sparsemux_33_4_4_1_1_U63   |sparsemux_33_4_4_1_1  |        0|   0|  0|   65|    0|
    |sparsemux_33_4_4_1_1_U64   |sparsemux_33_4_4_1_1  |        0|   0|  0|   65|    0|
    |sparsemux_33_4_4_1_1_U65   |sparsemux_33_4_4_1_1  |        0|   0|  0|   65|    0|
    |sparsemux_33_4_4_1_1_U67   |sparsemux_33_4_4_1_1  |        0|   0|  0|   65|    0|
    |sparsemux_33_4_4_1_1_U68   |sparsemux_33_4_4_1_1  |        0|   0|  0|   65|    0|
    |sparsemux_33_4_4_1_1_U69   |sparsemux_33_4_4_1_1  |        0|   0|  0|   65|    0|
    |sparsemux_33_4_4_1_1_U70   |sparsemux_33_4_4_1_1  |        0|   0|  0|   65|    0|
    |sparsemux_33_4_4_1_1_U72   |sparsemux_33_4_4_1_1  |        0|   0|  0|   65|    0|
    |sparsemux_33_4_4_1_1_U73   |sparsemux_33_4_4_1_1  |        0|   0|  0|   65|    0|
    |sparsemux_33_4_4_1_1_U74   |sparsemux_33_4_4_1_1  |        0|   0|  0|   65|    0|
    |sparsemux_33_4_4_1_1_U75   |sparsemux_33_4_4_1_1  |        0|   0|  0|   65|    0|
    |sparsemux_33_4_4_1_1_U77   |sparsemux_33_4_4_1_1  |        0|   0|  0|   65|    0|
    |sparsemux_33_4_4_1_1_U78   |sparsemux_33_4_4_1_1  |        0|   0|  0|   65|    0|
    |sparsemux_33_4_4_1_1_U79   |sparsemux_33_4_4_1_1  |        0|   0|  0|   65|    0|
    |sparsemux_33_4_4_1_1_U80   |sparsemux_33_4_4_1_1  |        0|   0|  0|   65|    0|
    |sparsemux_33_4_4_1_1_U82   |sparsemux_33_4_4_1_1  |        0|   0|  0|   65|    0|
    |sparsemux_33_4_4_1_1_U83   |sparsemux_33_4_4_1_1  |        0|   0|  0|   65|    0|
    |sparsemux_33_4_4_1_1_U84   |sparsemux_33_4_4_1_1  |        0|   0|  0|   65|    0|
    |sparsemux_33_4_4_1_1_U85   |sparsemux_33_4_4_1_1  |        0|   0|  0|   65|    0|
    |sparsemux_33_4_4_1_1_U87   |sparsemux_33_4_4_1_1  |        0|   0|  0|   65|    0|
    |sparsemux_33_4_4_1_1_U88   |sparsemux_33_4_4_1_1  |        0|   0|  0|   65|    0|
    |sparsemux_33_4_4_1_1_U89   |sparsemux_33_4_4_1_1  |        0|   0|  0|   65|    0|
    |sparsemux_33_4_4_1_1_U90   |sparsemux_33_4_4_1_1  |        0|   0|  0|   65|    0|
    |sparsemux_33_4_4_1_1_U92   |sparsemux_33_4_4_1_1  |        0|   0|  0|   65|    0|
    |sparsemux_33_4_4_1_1_U93   |sparsemux_33_4_4_1_1  |        0|   0|  0|   65|    0|
    |sparsemux_33_4_4_1_1_U94   |sparsemux_33_4_4_1_1  |        0|   0|  0|   65|    0|
    |sparsemux_33_4_4_1_1_U95   |sparsemux_33_4_4_1_1  |        0|   0|  0|   65|    0|
    |sparsemux_33_4_4_1_1_U97   |sparsemux_33_4_4_1_1  |        0|   0|  0|   65|    0|
    |sparsemux_33_4_4_1_1_U98   |sparsemux_33_4_4_1_1  |        0|   0|  0|   65|    0|
    |sparsemux_33_4_4_1_1_U99   |sparsemux_33_4_4_1_1  |        0|   0|  0|   65|    0|
    |sparsemux_33_4_4_1_1_U100  |sparsemux_33_4_4_1_1  |        0|   0|  0|   65|    0|
    |sparsemux_33_4_4_1_1_U102  |sparsemux_33_4_4_1_1  |        0|   0|  0|   65|    0|
    |sparsemux_33_4_4_1_1_U103  |sparsemux_33_4_4_1_1  |        0|   0|  0|   65|    0|
    |sparsemux_33_4_4_1_1_U104  |sparsemux_33_4_4_1_1  |        0|   0|  0|   65|    0|
    |sparsemux_33_4_4_1_1_U105  |sparsemux_33_4_4_1_1  |        0|   0|  0|   65|    0|
    |sparsemux_33_4_4_1_1_U107  |sparsemux_33_4_4_1_1  |        0|   0|  0|   65|    0|
    |sparsemux_33_4_4_1_1_U108  |sparsemux_33_4_4_1_1  |        0|   0|  0|   65|    0|
    |sparsemux_33_4_4_1_1_U109  |sparsemux_33_4_4_1_1  |        0|   0|  0|   65|    0|
    |sparsemux_33_4_4_1_1_U110  |sparsemux_33_4_4_1_1  |        0|   0|  0|   65|    0|
    |sparsemux_33_4_4_1_1_U112  |sparsemux_33_4_4_1_1  |        0|   0|  0|   65|    0|
    |sparsemux_33_4_4_1_1_U113  |sparsemux_33_4_4_1_1  |        0|   0|  0|   65|    0|
    |sparsemux_33_4_4_1_1_U114  |sparsemux_33_4_4_1_1  |        0|   0|  0|   65|    0|
    |sparsemux_33_4_4_1_1_U115  |sparsemux_33_4_4_1_1  |        0|   0|  0|   65|    0|
    |sparsemux_33_4_4_1_1_U117  |sparsemux_33_4_4_1_1  |        0|   0|  0|   65|    0|
    |sparsemux_33_4_4_1_1_U118  |sparsemux_33_4_4_1_1  |        0|   0|  0|   65|    0|
    |sparsemux_33_4_4_1_1_U119  |sparsemux_33_4_4_1_1  |        0|   0|  0|   65|    0|
    |sparsemux_33_4_4_1_1_U120  |sparsemux_33_4_4_1_1  |        0|   0|  0|   65|    0|
    |sparsemux_33_4_4_1_1_U122  |sparsemux_33_4_4_1_1  |        0|   0|  0|   65|    0|
    |sparsemux_33_4_4_1_1_U123  |sparsemux_33_4_4_1_1  |        0|   0|  0|   65|    0|
    |sparsemux_33_4_4_1_1_U124  |sparsemux_33_4_4_1_1  |        0|   0|  0|   65|    0|
    |sparsemux_33_4_4_1_1_U125  |sparsemux_33_4_4_1_1  |        0|   0|  0|   65|    0|
    |sparsemux_33_4_4_1_1_U127  |sparsemux_33_4_4_1_1  |        0|   0|  0|   65|    0|
    |sparsemux_33_4_4_1_1_U128  |sparsemux_33_4_4_1_1  |        0|   0|  0|   65|    0|
    |sparsemux_33_4_4_1_1_U129  |sparsemux_33_4_4_1_1  |        0|   0|  0|   65|    0|
    |sparsemux_33_4_4_1_1_U130  |sparsemux_33_4_4_1_1  |        0|   0|  0|   65|    0|
    |sparsemux_33_4_4_1_1_U132  |sparsemux_33_4_4_1_1  |        0|   0|  0|   65|    0|
    |sparsemux_33_4_4_1_1_U133  |sparsemux_33_4_4_1_1  |        0|   0|  0|   65|    0|
    |sparsemux_33_4_4_1_1_U134  |sparsemux_33_4_4_1_1  |        0|   0|  0|   65|    0|
    |sparsemux_33_4_4_1_1_U135  |sparsemux_33_4_4_1_1  |        0|   0|  0|   65|    0|
    |sparsemux_33_4_4_1_1_U137  |sparsemux_33_4_4_1_1  |        0|   0|  0|   65|    0|
    |sparsemux_33_4_4_1_1_U138  |sparsemux_33_4_4_1_1  |        0|   0|  0|   65|    0|
    |sparsemux_33_4_4_1_1_U139  |sparsemux_33_4_4_1_1  |        0|   0|  0|   65|    0|
    |sparsemux_33_4_4_1_1_U140  |sparsemux_33_4_4_1_1  |        0|   0|  0|   65|    0|
    |sparsemux_33_4_4_1_1_U142  |sparsemux_33_4_4_1_1  |        0|   0|  0|   65|    0|
    |sparsemux_33_4_4_1_1_U143  |sparsemux_33_4_4_1_1  |        0|   0|  0|   65|    0|
    |sparsemux_33_4_4_1_1_U144  |sparsemux_33_4_4_1_1  |        0|   0|  0|   65|    0|
    |sparsemux_33_4_4_1_1_U145  |sparsemux_33_4_4_1_1  |        0|   0|  0|   65|    0|
    |sparsemux_33_4_4_1_1_U147  |sparsemux_33_4_4_1_1  |        0|   0|  0|   65|    0|
    |sparsemux_33_4_4_1_1_U148  |sparsemux_33_4_4_1_1  |        0|   0|  0|   65|    0|
    |sparsemux_33_4_4_1_1_U149  |sparsemux_33_4_4_1_1  |        0|   0|  0|   65|    0|
    |sparsemux_33_4_4_1_1_U150  |sparsemux_33_4_4_1_1  |        0|   0|  0|   65|    0|
    |sparsemux_33_4_4_1_1_U152  |sparsemux_33_4_4_1_1  |        0|   0|  0|   65|    0|
    |sparsemux_33_4_4_1_1_U153  |sparsemux_33_4_4_1_1  |        0|   0|  0|   65|    0|
    |sparsemux_33_4_4_1_1_U154  |sparsemux_33_4_4_1_1  |        0|   0|  0|   65|    0|
    |sparsemux_33_4_4_1_1_U155  |sparsemux_33_4_4_1_1  |        0|   0|  0|   65|    0|
    |sparsemux_33_4_4_1_1_U157  |sparsemux_33_4_4_1_1  |        0|   0|  0|   65|    0|
    |sparsemux_33_4_4_1_1_U158  |sparsemux_33_4_4_1_1  |        0|   0|  0|   65|    0|
    |sparsemux_33_4_4_1_1_U159  |sparsemux_33_4_4_1_1  |        0|   0|  0|   65|    0|
    |sparsemux_33_4_4_1_1_U160  |sparsemux_33_4_4_1_1  |        0|   0|  0|   65|    0|
    |sparsemux_33_4_4_1_1_U162  |sparsemux_33_4_4_1_1  |        0|   0|  0|   65|    0|
    |sparsemux_33_4_4_1_1_U163  |sparsemux_33_4_4_1_1  |        0|   0|  0|   65|    0|
    |sparsemux_33_4_4_1_1_U164  |sparsemux_33_4_4_1_1  |        0|   0|  0|   65|    0|
    |sparsemux_33_4_4_1_1_U165  |sparsemux_33_4_4_1_1  |        0|   0|  0|   65|    0|
    |sparsemux_33_4_4_1_1_U167  |sparsemux_33_4_4_1_1  |        0|   0|  0|   65|    0|
    |sparsemux_33_4_4_1_1_U168  |sparsemux_33_4_4_1_1  |        0|   0|  0|   65|    0|
    |sparsemux_33_4_4_1_1_U169  |sparsemux_33_4_4_1_1  |        0|   0|  0|   65|    0|
    |sparsemux_33_4_4_1_1_U170  |sparsemux_33_4_4_1_1  |        0|   0|  0|   65|    0|
    |sparsemux_33_4_4_1_1_U172  |sparsemux_33_4_4_1_1  |        0|   0|  0|   65|    0|
    |sparsemux_33_4_4_1_1_U173  |sparsemux_33_4_4_1_1  |        0|   0|  0|   65|    0|
    |sparsemux_33_4_4_1_1_U174  |sparsemux_33_4_4_1_1  |        0|   0|  0|   65|    0|
    |sparsemux_33_4_4_1_1_U175  |sparsemux_33_4_4_1_1  |        0|   0|  0|   65|    0|
    |sparsemux_33_4_4_1_1_U177  |sparsemux_33_4_4_1_1  |        0|   0|  0|   65|    0|
    |sparsemux_33_4_4_1_1_U178  |sparsemux_33_4_4_1_1  |        0|   0|  0|   65|    0|
    |sparsemux_33_4_4_1_1_U179  |sparsemux_33_4_4_1_1  |        0|   0|  0|   65|    0|
    |sparsemux_33_4_4_1_1_U180  |sparsemux_33_4_4_1_1  |        0|   0|  0|   65|    0|
    |sparsemux_33_4_4_1_1_U182  |sparsemux_33_4_4_1_1  |        0|   0|  0|   65|    0|
    |sparsemux_33_4_4_1_1_U183  |sparsemux_33_4_4_1_1  |        0|   0|  0|   65|    0|
    |sparsemux_33_4_4_1_1_U184  |sparsemux_33_4_4_1_1  |        0|   0|  0|   65|    0|
    |sparsemux_33_4_4_1_1_U185  |sparsemux_33_4_4_1_1  |        0|   0|  0|   65|    0|
    |sparsemux_33_4_4_1_1_U187  |sparsemux_33_4_4_1_1  |        0|   0|  0|   65|    0|
    |sparsemux_33_4_4_1_1_U188  |sparsemux_33_4_4_1_1  |        0|   0|  0|   65|    0|
    |sparsemux_33_4_4_1_1_U189  |sparsemux_33_4_4_1_1  |        0|   0|  0|   65|    0|
    |sparsemux_33_4_4_1_1_U190  |sparsemux_33_4_4_1_1  |        0|   0|  0|   65|    0|
    |sparsemux_33_4_4_1_1_U192  |sparsemux_33_4_4_1_1  |        0|   0|  0|   65|    0|
    |sparsemux_33_4_4_1_1_U193  |sparsemux_33_4_4_1_1  |        0|   0|  0|   65|    0|
    |sparsemux_33_4_4_1_1_U194  |sparsemux_33_4_4_1_1  |        0|   0|  0|   65|    0|
    |sparsemux_33_4_4_1_1_U195  |sparsemux_33_4_4_1_1  |        0|   0|  0|   65|    0|
    |sparsemux_33_4_4_1_1_U197  |sparsemux_33_4_4_1_1  |        0|   0|  0|   65|    0|
    |sparsemux_33_4_4_1_1_U198  |sparsemux_33_4_4_1_1  |        0|   0|  0|   65|    0|
    |sparsemux_33_4_4_1_1_U199  |sparsemux_33_4_4_1_1  |        0|   0|  0|   65|    0|
    |sparsemux_33_4_4_1_1_U200  |sparsemux_33_4_4_1_1  |        0|   0|  0|   65|    0|
    |sparsemux_33_4_4_1_1_U202  |sparsemux_33_4_4_1_1  |        0|   0|  0|   65|    0|
    |sparsemux_33_4_4_1_1_U203  |sparsemux_33_4_4_1_1  |        0|   0|  0|   65|    0|
    |sparsemux_33_4_4_1_1_U204  |sparsemux_33_4_4_1_1  |        0|   0|  0|   65|    0|
    |sparsemux_33_4_4_1_1_U205  |sparsemux_33_4_4_1_1  |        0|   0|  0|   65|    0|
    |sparsemux_33_4_4_1_1_U207  |sparsemux_33_4_4_1_1  |        0|   0|  0|   65|    0|
    |sparsemux_33_4_4_1_1_U208  |sparsemux_33_4_4_1_1  |        0|   0|  0|   65|    0|
    |sparsemux_33_4_4_1_1_U209  |sparsemux_33_4_4_1_1  |        0|   0|  0|   65|    0|
    |sparsemux_33_4_4_1_1_U210  |sparsemux_33_4_4_1_1  |        0|   0|  0|   65|    0|
    |sparsemux_33_4_4_1_1_U212  |sparsemux_33_4_4_1_1  |        0|   0|  0|   65|    0|
    |sparsemux_33_4_4_1_1_U213  |sparsemux_33_4_4_1_1  |        0|   0|  0|   65|    0|
    |sparsemux_33_4_4_1_1_U214  |sparsemux_33_4_4_1_1  |        0|   0|  0|   65|    0|
    |sparsemux_33_4_4_1_1_U215  |sparsemux_33_4_4_1_1  |        0|   0|  0|   65|    0|
    |sparsemux_33_4_4_1_1_U217  |sparsemux_33_4_4_1_1  |        0|   0|  0|   65|    0|
    |sparsemux_33_4_4_1_1_U218  |sparsemux_33_4_4_1_1  |        0|   0|  0|   65|    0|
    |sparsemux_33_4_4_1_1_U219  |sparsemux_33_4_4_1_1  |        0|   0|  0|   65|    0|
    |sparsemux_33_4_4_1_1_U220  |sparsemux_33_4_4_1_1  |        0|   0|  0|   65|    0|
    |sparsemux_33_4_4_1_1_U222  |sparsemux_33_4_4_1_1  |        0|   0|  0|   65|    0|
    |sparsemux_33_4_4_1_1_U223  |sparsemux_33_4_4_1_1  |        0|   0|  0|   65|    0|
    |sparsemux_33_4_4_1_1_U224  |sparsemux_33_4_4_1_1  |        0|   0|  0|   65|    0|
    |sparsemux_33_4_4_1_1_U225  |sparsemux_33_4_4_1_1  |        0|   0|  0|   65|    0|
    |sparsemux_33_4_4_1_1_U227  |sparsemux_33_4_4_1_1  |        0|   0|  0|   65|    0|
    |sparsemux_33_4_4_1_1_U228  |sparsemux_33_4_4_1_1  |        0|   0|  0|   65|    0|
    |sparsemux_33_4_4_1_1_U229  |sparsemux_33_4_4_1_1  |        0|   0|  0|   65|    0|
    |sparsemux_33_4_4_1_1_U230  |sparsemux_33_4_4_1_1  |        0|   0|  0|   65|    0|
    |sparsemux_33_4_4_1_1_U232  |sparsemux_33_4_4_1_1  |        0|   0|  0|   65|    0|
    |sparsemux_33_4_4_1_1_U233  |sparsemux_33_4_4_1_1  |        0|   0|  0|   65|    0|
    |sparsemux_33_4_4_1_1_U234  |sparsemux_33_4_4_1_1  |        0|   0|  0|   65|    0|
    |sparsemux_33_4_4_1_1_U235  |sparsemux_33_4_4_1_1  |        0|   0|  0|   65|    0|
    |sparsemux_33_4_4_1_1_U237  |sparsemux_33_4_4_1_1  |        0|   0|  0|   65|    0|
    |sparsemux_33_4_4_1_1_U238  |sparsemux_33_4_4_1_1  |        0|   0|  0|   65|    0|
    |sparsemux_33_4_4_1_1_U239  |sparsemux_33_4_4_1_1  |        0|   0|  0|   65|    0|
    |sparsemux_33_4_4_1_1_U240  |sparsemux_33_4_4_1_1  |        0|   0|  0|   65|    0|
    |sparsemux_33_4_4_1_1_U242  |sparsemux_33_4_4_1_1  |        0|   0|  0|   65|    0|
    |sparsemux_33_4_4_1_1_U243  |sparsemux_33_4_4_1_1  |        0|   0|  0|   65|    0|
    |sparsemux_33_4_4_1_1_U244  |sparsemux_33_4_4_1_1  |        0|   0|  0|   65|    0|
    |sparsemux_33_4_4_1_1_U245  |sparsemux_33_4_4_1_1  |        0|   0|  0|   65|    0|
    |sparsemux_33_4_4_1_1_U247  |sparsemux_33_4_4_1_1  |        0|   0|  0|   65|    0|
    |sparsemux_33_4_4_1_1_U248  |sparsemux_33_4_4_1_1  |        0|   0|  0|   65|    0|
    |sparsemux_33_4_4_1_1_U249  |sparsemux_33_4_4_1_1  |        0|   0|  0|   65|    0|
    |sparsemux_33_4_4_1_1_U250  |sparsemux_33_4_4_1_1  |        0|   0|  0|   65|    0|
    |sparsemux_33_4_4_1_1_U252  |sparsemux_33_4_4_1_1  |        0|   0|  0|   65|    0|
    |sparsemux_33_4_4_1_1_U253  |sparsemux_33_4_4_1_1  |        0|   0|  0|   65|    0|
    |sparsemux_33_4_4_1_1_U254  |sparsemux_33_4_4_1_1  |        0|   0|  0|   65|    0|
    |sparsemux_33_4_4_1_1_U255  |sparsemux_33_4_4_1_1  |        0|   0|  0|   65|    0|
    |sparsemux_33_4_4_1_1_U257  |sparsemux_33_4_4_1_1  |        0|   0|  0|   65|    0|
    |sparsemux_33_4_4_1_1_U258  |sparsemux_33_4_4_1_1  |        0|   0|  0|   65|    0|
    |sparsemux_33_4_4_1_1_U259  |sparsemux_33_4_4_1_1  |        0|   0|  0|   65|    0|
    |sparsemux_33_4_4_1_1_U260  |sparsemux_33_4_4_1_1  |        0|   0|  0|   65|    0|
    |sparsemux_33_4_4_1_1_U262  |sparsemux_33_4_4_1_1  |        0|   0|  0|   65|    0|
    |sparsemux_33_4_4_1_1_U263  |sparsemux_33_4_4_1_1  |        0|   0|  0|   65|    0|
    |sparsemux_33_4_4_1_1_U264  |sparsemux_33_4_4_1_1  |        0|   0|  0|   65|    0|
    |sparsemux_33_4_4_1_1_U265  |sparsemux_33_4_4_1_1  |        0|   0|  0|   65|    0|
    |sparsemux_33_4_4_1_1_U267  |sparsemux_33_4_4_1_1  |        0|   0|  0|   65|    0|
    |sparsemux_33_4_4_1_1_U268  |sparsemux_33_4_4_1_1  |        0|   0|  0|   65|    0|
    |sparsemux_33_4_4_1_1_U269  |sparsemux_33_4_4_1_1  |        0|   0|  0|   65|    0|
    |sparsemux_33_4_4_1_1_U270  |sparsemux_33_4_4_1_1  |        0|   0|  0|   65|    0|
    |sparsemux_33_4_4_1_1_U272  |sparsemux_33_4_4_1_1  |        0|   0|  0|   65|    0|
    |sparsemux_33_4_4_1_1_U273  |sparsemux_33_4_4_1_1  |        0|   0|  0|   65|    0|
    |sparsemux_33_4_4_1_1_U274  |sparsemux_33_4_4_1_1  |        0|   0|  0|   65|    0|
    |sparsemux_33_4_4_1_1_U275  |sparsemux_33_4_4_1_1  |        0|   0|  0|   65|    0|
    |sparsemux_33_4_4_1_1_U277  |sparsemux_33_4_4_1_1  |        0|   0|  0|   65|    0|
    |sparsemux_33_4_4_1_1_U278  |sparsemux_33_4_4_1_1  |        0|   0|  0|   65|    0|
    |sparsemux_33_4_4_1_1_U279  |sparsemux_33_4_4_1_1  |        0|   0|  0|   65|    0|
    |sparsemux_33_4_4_1_1_U280  |sparsemux_33_4_4_1_1  |        0|   0|  0|   65|    0|
    |sparsemux_33_4_4_1_1_U282  |sparsemux_33_4_4_1_1  |        0|   0|  0|   65|    0|
    |sparsemux_33_4_4_1_1_U283  |sparsemux_33_4_4_1_1  |        0|   0|  0|   65|    0|
    |sparsemux_33_4_4_1_1_U284  |sparsemux_33_4_4_1_1  |        0|   0|  0|   65|    0|
    |sparsemux_33_4_4_1_1_U285  |sparsemux_33_4_4_1_1  |        0|   0|  0|   65|    0|
    |sparsemux_33_4_4_1_1_U287  |sparsemux_33_4_4_1_1  |        0|   0|  0|   65|    0|
    |sparsemux_33_4_4_1_1_U288  |sparsemux_33_4_4_1_1  |        0|   0|  0|   65|    0|
    |sparsemux_33_4_4_1_1_U289  |sparsemux_33_4_4_1_1  |        0|   0|  0|   65|    0|
    |sparsemux_33_4_4_1_1_U290  |sparsemux_33_4_4_1_1  |        0|   0|  0|   65|    0|
    |sparsemux_33_4_4_1_1_U292  |sparsemux_33_4_4_1_1  |        0|   0|  0|   65|    0|
    |sparsemux_33_4_4_1_1_U293  |sparsemux_33_4_4_1_1  |        0|   0|  0|   65|    0|
    |sparsemux_33_4_4_1_1_U294  |sparsemux_33_4_4_1_1  |        0|   0|  0|   65|    0|
    |sparsemux_33_4_4_1_1_U295  |sparsemux_33_4_4_1_1  |        0|   0|  0|   65|    0|
    |sparsemux_33_4_4_1_1_U297  |sparsemux_33_4_4_1_1  |        0|   0|  0|   65|    0|
    |sparsemux_33_4_4_1_1_U298  |sparsemux_33_4_4_1_1  |        0|   0|  0|   65|    0|
    |sparsemux_33_4_4_1_1_U299  |sparsemux_33_4_4_1_1  |        0|   0|  0|   65|    0|
    |sparsemux_33_4_4_1_1_U300  |sparsemux_33_4_4_1_1  |        0|   0|  0|   65|    0|
    |sparsemux_33_4_4_1_1_U302  |sparsemux_33_4_4_1_1  |        0|   0|  0|   65|    0|
    |sparsemux_33_4_4_1_1_U303  |sparsemux_33_4_4_1_1  |        0|   0|  0|   65|    0|
    |sparsemux_33_4_4_1_1_U304  |sparsemux_33_4_4_1_1  |        0|   0|  0|   65|    0|
    |sparsemux_33_4_4_1_1_U305  |sparsemux_33_4_4_1_1  |        0|   0|  0|   65|    0|
    |sparsemux_33_4_4_1_1_U307  |sparsemux_33_4_4_1_1  |        0|   0|  0|   65|    0|
    |sparsemux_33_4_4_1_1_U308  |sparsemux_33_4_4_1_1  |        0|   0|  0|   65|    0|
    |sparsemux_33_4_4_1_1_U309  |sparsemux_33_4_4_1_1  |        0|   0|  0|   65|    0|
    |sparsemux_33_4_4_1_1_U310  |sparsemux_33_4_4_1_1  |        0|   0|  0|   65|    0|
    |sparsemux_33_4_4_1_1_U312  |sparsemux_33_4_4_1_1  |        0|   0|  0|   65|    0|
    |sparsemux_33_4_4_1_1_U313  |sparsemux_33_4_4_1_1  |        0|   0|  0|   65|    0|
    |sparsemux_33_4_4_1_1_U314  |sparsemux_33_4_4_1_1  |        0|   0|  0|   65|    0|
    |sparsemux_33_4_4_1_1_U315  |sparsemux_33_4_4_1_1  |        0|   0|  0|   65|    0|
    |sparsemux_33_4_4_1_1_U317  |sparsemux_33_4_4_1_1  |        0|   0|  0|   65|    0|
    |sparsemux_33_4_4_1_1_U318  |sparsemux_33_4_4_1_1  |        0|   0|  0|   65|    0|
    |sparsemux_33_4_4_1_1_U319  |sparsemux_33_4_4_1_1  |        0|   0|  0|   65|    0|
    |sparsemux_33_4_4_1_1_U320  |sparsemux_33_4_4_1_1  |        0|   0|  0|   65|    0|
    |sparsemux_33_4_4_1_1_U322  |sparsemux_33_4_4_1_1  |        0|   0|  0|   65|    0|
    |sparsemux_33_4_4_1_1_U323  |sparsemux_33_4_4_1_1  |        0|   0|  0|   65|    0|
    |sparsemux_33_4_4_1_1_U324  |sparsemux_33_4_4_1_1  |        0|   0|  0|   65|    0|
    |sparsemux_33_4_4_1_1_U325  |sparsemux_33_4_4_1_1  |        0|   0|  0|   65|    0|
    |sparsemux_33_4_4_1_1_U327  |sparsemux_33_4_4_1_1  |        0|   0|  0|   65|    0|
    |sparsemux_33_4_4_1_1_U328  |sparsemux_33_4_4_1_1  |        0|   0|  0|   65|    0|
    |sparsemux_33_4_4_1_1_U329  |sparsemux_33_4_4_1_1  |        0|   0|  0|   65|    0|
    |sparsemux_33_4_4_1_1_U330  |sparsemux_33_4_4_1_1  |        0|   0|  0|   65|    0|
    |sparsemux_33_4_4_1_1_U332  |sparsemux_33_4_4_1_1  |        0|   0|  0|   65|    0|
    |sparsemux_33_4_4_1_1_U333  |sparsemux_33_4_4_1_1  |        0|   0|  0|   65|    0|
    |sparsemux_33_4_4_1_1_U334  |sparsemux_33_4_4_1_1  |        0|   0|  0|   65|    0|
    |sparsemux_33_4_4_1_1_U335  |sparsemux_33_4_4_1_1  |        0|   0|  0|   65|    0|
    |sparsemux_33_4_4_1_1_U337  |sparsemux_33_4_4_1_1  |        0|   0|  0|   65|    0|
    |sparsemux_33_4_4_1_1_U338  |sparsemux_33_4_4_1_1  |        0|   0|  0|   65|    0|
    |sparsemux_33_4_4_1_1_U339  |sparsemux_33_4_4_1_1  |        0|   0|  0|   65|    0|
    |sparsemux_33_4_4_1_1_U340  |sparsemux_33_4_4_1_1  |        0|   0|  0|   65|    0|
    |sparsemux_33_4_4_1_1_U342  |sparsemux_33_4_4_1_1  |        0|   0|  0|   65|    0|
    |sparsemux_33_4_4_1_1_U343  |sparsemux_33_4_4_1_1  |        0|   0|  0|   65|    0|
    |sparsemux_33_4_4_1_1_U344  |sparsemux_33_4_4_1_1  |        0|   0|  0|   65|    0|
    |sparsemux_33_4_4_1_1_U345  |sparsemux_33_4_4_1_1  |        0|   0|  0|   65|    0|
    |sparsemux_33_4_4_1_1_U347  |sparsemux_33_4_4_1_1  |        0|   0|  0|   65|    0|
    |sparsemux_33_4_4_1_1_U348  |sparsemux_33_4_4_1_1  |        0|   0|  0|   65|    0|
    |sparsemux_33_4_4_1_1_U349  |sparsemux_33_4_4_1_1  |        0|   0|  0|   65|    0|
    |sparsemux_33_4_4_1_1_U350  |sparsemux_33_4_4_1_1  |        0|   0|  0|   65|    0|
    |sparsemux_33_4_4_1_1_U352  |sparsemux_33_4_4_1_1  |        0|   0|  0|   65|    0|
    |sparsemux_33_4_4_1_1_U353  |sparsemux_33_4_4_1_1  |        0|   0|  0|   65|    0|
    |sparsemux_33_4_4_1_1_U354  |sparsemux_33_4_4_1_1  |        0|   0|  0|   65|    0|
    |sparsemux_33_4_4_1_1_U355  |sparsemux_33_4_4_1_1  |        0|   0|  0|   65|    0|
    |sparsemux_33_4_4_1_1_U357  |sparsemux_33_4_4_1_1  |        0|   0|  0|   65|    0|
    |sparsemux_33_4_4_1_1_U358  |sparsemux_33_4_4_1_1  |        0|   0|  0|   65|    0|
    |sparsemux_33_4_4_1_1_U359  |sparsemux_33_4_4_1_1  |        0|   0|  0|   65|    0|
    |sparsemux_33_4_4_1_1_U360  |sparsemux_33_4_4_1_1  |        0|   0|  0|   65|    0|
    |sparsemux_33_4_4_1_1_U362  |sparsemux_33_4_4_1_1  |        0|   0|  0|   65|    0|
    |sparsemux_33_4_4_1_1_U363  |sparsemux_33_4_4_1_1  |        0|   0|  0|   65|    0|
    |sparsemux_33_4_4_1_1_U364  |sparsemux_33_4_4_1_1  |        0|   0|  0|   65|    0|
    |sparsemux_33_4_4_1_1_U365  |sparsemux_33_4_4_1_1  |        0|   0|  0|   65|    0|
    |sparsemux_33_4_4_1_1_U367  |sparsemux_33_4_4_1_1  |        0|   0|  0|   65|    0|
    |sparsemux_33_4_4_1_1_U368  |sparsemux_33_4_4_1_1  |        0|   0|  0|   65|    0|
    |sparsemux_33_4_4_1_1_U369  |sparsemux_33_4_4_1_1  |        0|   0|  0|   65|    0|
    |sparsemux_33_4_4_1_1_U370  |sparsemux_33_4_4_1_1  |        0|   0|  0|   65|    0|
    |sparsemux_33_4_4_1_1_U372  |sparsemux_33_4_4_1_1  |        0|   0|  0|   65|    0|
    |sparsemux_33_4_4_1_1_U373  |sparsemux_33_4_4_1_1  |        0|   0|  0|   65|    0|
    |sparsemux_33_4_4_1_1_U374  |sparsemux_33_4_4_1_1  |        0|   0|  0|   65|    0|
    |sparsemux_33_4_4_1_1_U375  |sparsemux_33_4_4_1_1  |        0|   0|  0|   65|    0|
    |sparsemux_33_4_4_1_1_U377  |sparsemux_33_4_4_1_1  |        0|   0|  0|   65|    0|
    |sparsemux_33_4_4_1_1_U378  |sparsemux_33_4_4_1_1  |        0|   0|  0|   65|    0|
    |sparsemux_33_4_4_1_1_U379  |sparsemux_33_4_4_1_1  |        0|   0|  0|   65|    0|
    |sparsemux_33_4_4_1_1_U380  |sparsemux_33_4_4_1_1  |        0|   0|  0|   65|    0|
    |sparsemux_33_4_4_1_1_U382  |sparsemux_33_4_4_1_1  |        0|   0|  0|   65|    0|
    |sparsemux_33_4_4_1_1_U383  |sparsemux_33_4_4_1_1  |        0|   0|  0|   65|    0|
    |sparsemux_33_4_4_1_1_U384  |sparsemux_33_4_4_1_1  |        0|   0|  0|   65|    0|
    |sparsemux_33_4_4_1_1_U385  |sparsemux_33_4_4_1_1  |        0|   0|  0|   65|    0|
    |sparsemux_33_4_4_1_1_U387  |sparsemux_33_4_4_1_1  |        0|   0|  0|   65|    0|
    |sparsemux_33_4_4_1_1_U388  |sparsemux_33_4_4_1_1  |        0|   0|  0|   65|    0|
    |sparsemux_33_4_4_1_1_U389  |sparsemux_33_4_4_1_1  |        0|   0|  0|   65|    0|
    |sparsemux_33_4_4_1_1_U390  |sparsemux_33_4_4_1_1  |        0|   0|  0|   65|    0|
    |sparsemux_33_4_4_1_1_U392  |sparsemux_33_4_4_1_1  |        0|   0|  0|   65|    0|
    |sparsemux_33_4_4_1_1_U393  |sparsemux_33_4_4_1_1  |        0|   0|  0|   65|    0|
    |sparsemux_33_4_4_1_1_U394  |sparsemux_33_4_4_1_1  |        0|   0|  0|   65|    0|
    |sparsemux_33_4_4_1_1_U395  |sparsemux_33_4_4_1_1  |        0|   0|  0|   65|    0|
    |sparsemux_33_4_4_1_1_U397  |sparsemux_33_4_4_1_1  |        0|   0|  0|   65|    0|
    |sparsemux_33_4_4_1_1_U398  |sparsemux_33_4_4_1_1  |        0|   0|  0|   65|    0|
    |sparsemux_33_4_4_1_1_U399  |sparsemux_33_4_4_1_1  |        0|   0|  0|   65|    0|
    |sparsemux_33_4_4_1_1_U400  |sparsemux_33_4_4_1_1  |        0|   0|  0|   65|    0|
    |sparsemux_33_4_4_1_1_U402  |sparsemux_33_4_4_1_1  |        0|   0|  0|   65|    0|
    |sparsemux_33_4_4_1_1_U403  |sparsemux_33_4_4_1_1  |        0|   0|  0|   65|    0|
    |sparsemux_33_4_4_1_1_U404  |sparsemux_33_4_4_1_1  |        0|   0|  0|   65|    0|
    |sparsemux_33_4_4_1_1_U405  |sparsemux_33_4_4_1_1  |        0|   0|  0|   65|    0|
    |sparsemux_33_4_4_1_1_U407  |sparsemux_33_4_4_1_1  |        0|   0|  0|   65|    0|
    |sparsemux_33_4_4_1_1_U408  |sparsemux_33_4_4_1_1  |        0|   0|  0|   65|    0|
    |sparsemux_33_4_4_1_1_U409  |sparsemux_33_4_4_1_1  |        0|   0|  0|   65|    0|
    |sparsemux_33_4_4_1_1_U410  |sparsemux_33_4_4_1_1  |        0|   0|  0|   65|    0|
    |sparsemux_33_4_4_1_1_U412  |sparsemux_33_4_4_1_1  |        0|   0|  0|   65|    0|
    |sparsemux_33_4_4_1_1_U413  |sparsemux_33_4_4_1_1  |        0|   0|  0|   65|    0|
    |sparsemux_33_4_4_1_1_U414  |sparsemux_33_4_4_1_1  |        0|   0|  0|   65|    0|
    |sparsemux_33_4_4_1_1_U415  |sparsemux_33_4_4_1_1  |        0|   0|  0|   65|    0|
    |sparsemux_33_4_4_1_1_U417  |sparsemux_33_4_4_1_1  |        0|   0|  0|   65|    0|
    |sparsemux_33_4_4_1_1_U418  |sparsemux_33_4_4_1_1  |        0|   0|  0|   65|    0|
    |sparsemux_33_4_4_1_1_U419  |sparsemux_33_4_4_1_1  |        0|   0|  0|   65|    0|
    |sparsemux_33_4_4_1_1_U420  |sparsemux_33_4_4_1_1  |        0|   0|  0|   65|    0|
    |sparsemux_33_4_4_1_1_U422  |sparsemux_33_4_4_1_1  |        0|   0|  0|   65|    0|
    |sparsemux_33_4_4_1_1_U423  |sparsemux_33_4_4_1_1  |        0|   0|  0|   65|    0|
    |sparsemux_33_4_4_1_1_U424  |sparsemux_33_4_4_1_1  |        0|   0|  0|   65|    0|
    |sparsemux_33_4_4_1_1_U425  |sparsemux_33_4_4_1_1  |        0|   0|  0|   65|    0|
    |sparsemux_33_4_4_1_1_U427  |sparsemux_33_4_4_1_1  |        0|   0|  0|   65|    0|
    |sparsemux_33_4_4_1_1_U428  |sparsemux_33_4_4_1_1  |        0|   0|  0|   65|    0|
    |sparsemux_33_4_4_1_1_U429  |sparsemux_33_4_4_1_1  |        0|   0|  0|   65|    0|
    |sparsemux_33_4_4_1_1_U430  |sparsemux_33_4_4_1_1  |        0|   0|  0|   65|    0|
    |sparsemux_33_4_4_1_1_U432  |sparsemux_33_4_4_1_1  |        0|   0|  0|   65|    0|
    |sparsemux_33_4_4_1_1_U433  |sparsemux_33_4_4_1_1  |        0|   0|  0|   65|    0|
    |sparsemux_33_4_4_1_1_U434  |sparsemux_33_4_4_1_1  |        0|   0|  0|   65|    0|
    |sparsemux_33_4_4_1_1_U435  |sparsemux_33_4_4_1_1  |        0|   0|  0|   65|    0|
    |sparsemux_33_4_4_1_1_U437  |sparsemux_33_4_4_1_1  |        0|   0|  0|   65|    0|
    |sparsemux_33_4_4_1_1_U438  |sparsemux_33_4_4_1_1  |        0|   0|  0|   65|    0|
    |sparsemux_33_4_4_1_1_U439  |sparsemux_33_4_4_1_1  |        0|   0|  0|   65|    0|
    |sparsemux_33_4_4_1_1_U440  |sparsemux_33_4_4_1_1  |        0|   0|  0|   65|    0|
    |sparsemux_33_4_4_1_1_U442  |sparsemux_33_4_4_1_1  |        0|   0|  0|   65|    0|
    |sparsemux_33_4_4_1_1_U443  |sparsemux_33_4_4_1_1  |        0|   0|  0|   65|    0|
    |sparsemux_33_4_4_1_1_U444  |sparsemux_33_4_4_1_1  |        0|   0|  0|   65|    0|
    |sparsemux_33_4_4_1_1_U445  |sparsemux_33_4_4_1_1  |        0|   0|  0|   65|    0|
    |sparsemux_33_4_4_1_1_U447  |sparsemux_33_4_4_1_1  |        0|   0|  0|   65|    0|
    |sparsemux_33_4_4_1_1_U448  |sparsemux_33_4_4_1_1  |        0|   0|  0|   65|    0|
    |sparsemux_33_4_4_1_1_U449  |sparsemux_33_4_4_1_1  |        0|   0|  0|   65|    0|
    |sparsemux_33_4_4_1_1_U450  |sparsemux_33_4_4_1_1  |        0|   0|  0|   65|    0|
    |sparsemux_33_4_4_1_1_U452  |sparsemux_33_4_4_1_1  |        0|   0|  0|   65|    0|
    |sparsemux_33_4_4_1_1_U453  |sparsemux_33_4_4_1_1  |        0|   0|  0|   65|    0|
    |sparsemux_33_4_4_1_1_U454  |sparsemux_33_4_4_1_1  |        0|   0|  0|   65|    0|
    |sparsemux_33_4_4_1_1_U455  |sparsemux_33_4_4_1_1  |        0|   0|  0|   65|    0|
    |sparsemux_33_4_4_1_1_U457  |sparsemux_33_4_4_1_1  |        0|   0|  0|   65|    0|
    |sparsemux_33_4_4_1_1_U458  |sparsemux_33_4_4_1_1  |        0|   0|  0|   65|    0|
    |sparsemux_33_4_4_1_1_U459  |sparsemux_33_4_4_1_1  |        0|   0|  0|   65|    0|
    |sparsemux_33_4_4_1_1_U460  |sparsemux_33_4_4_1_1  |        0|   0|  0|   65|    0|
    |sparsemux_33_4_4_1_1_U462  |sparsemux_33_4_4_1_1  |        0|   0|  0|   65|    0|
    |sparsemux_33_4_4_1_1_U463  |sparsemux_33_4_4_1_1  |        0|   0|  0|   65|    0|
    |sparsemux_33_4_4_1_1_U464  |sparsemux_33_4_4_1_1  |        0|   0|  0|   65|    0|
    |sparsemux_33_4_4_1_1_U465  |sparsemux_33_4_4_1_1  |        0|   0|  0|   65|    0|
    |sparsemux_33_4_4_1_1_U467  |sparsemux_33_4_4_1_1  |        0|   0|  0|   65|    0|
    |sparsemux_33_4_4_1_1_U468  |sparsemux_33_4_4_1_1  |        0|   0|  0|   65|    0|
    |sparsemux_33_4_4_1_1_U469  |sparsemux_33_4_4_1_1  |        0|   0|  0|   65|    0|
    |sparsemux_33_4_4_1_1_U470  |sparsemux_33_4_4_1_1  |        0|   0|  0|   65|    0|
    |sparsemux_33_4_4_1_1_U472  |sparsemux_33_4_4_1_1  |        0|   0|  0|   65|    0|
    |sparsemux_33_4_4_1_1_U473  |sparsemux_33_4_4_1_1  |        0|   0|  0|   65|    0|
    |sparsemux_33_4_4_1_1_U474  |sparsemux_33_4_4_1_1  |        0|   0|  0|   65|    0|
    |sparsemux_33_4_4_1_1_U475  |sparsemux_33_4_4_1_1  |        0|   0|  0|   65|    0|
    |sparsemux_33_4_4_1_1_U477  |sparsemux_33_4_4_1_1  |        0|   0|  0|   65|    0|
    |sparsemux_33_4_4_1_1_U478  |sparsemux_33_4_4_1_1  |        0|   0|  0|   65|    0|
    |sparsemux_33_4_4_1_1_U479  |sparsemux_33_4_4_1_1  |        0|   0|  0|   65|    0|
    |sparsemux_33_4_4_1_1_U480  |sparsemux_33_4_4_1_1  |        0|   0|  0|   65|    0|
    |sparsemux_33_4_4_1_1_U482  |sparsemux_33_4_4_1_1  |        0|   0|  0|   65|    0|
    |sparsemux_33_4_4_1_1_U483  |sparsemux_33_4_4_1_1  |        0|   0|  0|   65|    0|
    |sparsemux_33_4_4_1_1_U484  |sparsemux_33_4_4_1_1  |        0|   0|  0|   65|    0|
    |sparsemux_33_4_4_1_1_U485  |sparsemux_33_4_4_1_1  |        0|   0|  0|   65|    0|
    |sparsemux_33_4_4_1_1_U487  |sparsemux_33_4_4_1_1  |        0|   0|  0|   65|    0|
    |sparsemux_33_4_4_1_1_U488  |sparsemux_33_4_4_1_1  |        0|   0|  0|   65|    0|
    |sparsemux_33_4_4_1_1_U489  |sparsemux_33_4_4_1_1  |        0|   0|  0|   65|    0|
    |sparsemux_33_4_4_1_1_U490  |sparsemux_33_4_4_1_1  |        0|   0|  0|   65|    0|
    |sparsemux_33_4_4_1_1_U492  |sparsemux_33_4_4_1_1  |        0|   0|  0|   65|    0|
    |sparsemux_33_4_4_1_1_U493  |sparsemux_33_4_4_1_1  |        0|   0|  0|   65|    0|
    |sparsemux_33_4_4_1_1_U494  |sparsemux_33_4_4_1_1  |        0|   0|  0|   65|    0|
    |sparsemux_33_4_4_1_1_U495  |sparsemux_33_4_4_1_1  |        0|   0|  0|   65|    0|
    |sparsemux_33_4_4_1_1_U497  |sparsemux_33_4_4_1_1  |        0|   0|  0|   65|    0|
    |sparsemux_33_4_4_1_1_U498  |sparsemux_33_4_4_1_1  |        0|   0|  0|   65|    0|
    |sparsemux_33_4_4_1_1_U499  |sparsemux_33_4_4_1_1  |        0|   0|  0|   65|    0|
    |sparsemux_33_4_4_1_1_U500  |sparsemux_33_4_4_1_1  |        0|   0|  0|   65|    0|
    |sparsemux_33_4_4_1_1_U502  |sparsemux_33_4_4_1_1  |        0|   0|  0|   65|    0|
    |sparsemux_33_4_4_1_1_U503  |sparsemux_33_4_4_1_1  |        0|   0|  0|   65|    0|
    |sparsemux_33_4_4_1_1_U504  |sparsemux_33_4_4_1_1  |        0|   0|  0|   65|    0|
    |sparsemux_33_4_4_1_1_U505  |sparsemux_33_4_4_1_1  |        0|   0|  0|   65|    0|
    |sparsemux_33_4_4_1_1_U507  |sparsemux_33_4_4_1_1  |        0|   0|  0|   65|    0|
    |sparsemux_33_4_4_1_1_U508  |sparsemux_33_4_4_1_1  |        0|   0|  0|   65|    0|
    |sparsemux_33_4_4_1_1_U509  |sparsemux_33_4_4_1_1  |        0|   0|  0|   65|    0|
    |sparsemux_33_4_4_1_1_U510  |sparsemux_33_4_4_1_1  |        0|   0|  0|   65|    0|
    |sparsemux_33_4_4_1_1_U512  |sparsemux_33_4_4_1_1  |        0|   0|  0|   65|    0|
    |sparsemux_33_4_4_1_1_U513  |sparsemux_33_4_4_1_1  |        0|   0|  0|   65|    0|
    |sparsemux_33_4_4_1_1_U514  |sparsemux_33_4_4_1_1  |        0|   0|  0|   65|    0|
    |sparsemux_33_4_4_1_1_U515  |sparsemux_33_4_4_1_1  |        0|   0|  0|   65|    0|
    |sparsemux_33_4_4_1_1_U517  |sparsemux_33_4_4_1_1  |        0|   0|  0|   65|    0|
    |sparsemux_33_4_4_1_1_U518  |sparsemux_33_4_4_1_1  |        0|   0|  0|   65|    0|
    |sparsemux_33_4_4_1_1_U519  |sparsemux_33_4_4_1_1  |        0|   0|  0|   65|    0|
    |sparsemux_33_4_4_1_1_U520  |sparsemux_33_4_4_1_1  |        0|   0|  0|   65|    0|
    |sparsemux_33_4_4_1_1_U522  |sparsemux_33_4_4_1_1  |        0|   0|  0|   65|    0|
    |sparsemux_33_4_4_1_1_U523  |sparsemux_33_4_4_1_1  |        0|   0|  0|   65|    0|
    |sparsemux_33_4_4_1_1_U524  |sparsemux_33_4_4_1_1  |        0|   0|  0|   65|    0|
    |sparsemux_33_4_4_1_1_U525  |sparsemux_33_4_4_1_1  |        0|   0|  0|   65|    0|
    |sparsemux_33_4_4_1_1_U527  |sparsemux_33_4_4_1_1  |        0|   0|  0|   65|    0|
    |sparsemux_33_4_4_1_1_U528  |sparsemux_33_4_4_1_1  |        0|   0|  0|   65|    0|
    |sparsemux_33_4_4_1_1_U529  |sparsemux_33_4_4_1_1  |        0|   0|  0|   65|    0|
    |sparsemux_33_4_4_1_1_U530  |sparsemux_33_4_4_1_1  |        0|   0|  0|   65|    0|
    |sparsemux_33_4_4_1_1_U532  |sparsemux_33_4_4_1_1  |        0|   0|  0|   65|    0|
    |sparsemux_33_4_4_1_1_U533  |sparsemux_33_4_4_1_1  |        0|   0|  0|   65|    0|
    |sparsemux_33_4_4_1_1_U534  |sparsemux_33_4_4_1_1  |        0|   0|  0|   65|    0|
    |sparsemux_33_4_4_1_1_U535  |sparsemux_33_4_4_1_1  |        0|   0|  0|   65|    0|
    |sparsemux_33_4_4_1_1_U537  |sparsemux_33_4_4_1_1  |        0|   0|  0|   65|    0|
    |sparsemux_33_4_4_1_1_U538  |sparsemux_33_4_4_1_1  |        0|   0|  0|   65|    0|
    |sparsemux_33_4_4_1_1_U539  |sparsemux_33_4_4_1_1  |        0|   0|  0|   65|    0|
    |sparsemux_33_4_4_1_1_U540  |sparsemux_33_4_4_1_1  |        0|   0|  0|   65|    0|
    |sparsemux_33_4_4_1_1_U542  |sparsemux_33_4_4_1_1  |        0|   0|  0|   65|    0|
    |sparsemux_33_4_4_1_1_U543  |sparsemux_33_4_4_1_1  |        0|   0|  0|   65|    0|
    |sparsemux_33_4_4_1_1_U544  |sparsemux_33_4_4_1_1  |        0|   0|  0|   65|    0|
    |sparsemux_33_4_4_1_1_U545  |sparsemux_33_4_4_1_1  |        0|   0|  0|   65|    0|
    |sparsemux_33_4_4_1_1_U547  |sparsemux_33_4_4_1_1  |        0|   0|  0|   65|    0|
    |sparsemux_33_4_4_1_1_U548  |sparsemux_33_4_4_1_1  |        0|   0|  0|   65|    0|
    |sparsemux_33_4_4_1_1_U549  |sparsemux_33_4_4_1_1  |        0|   0|  0|   65|    0|
    |sparsemux_33_4_4_1_1_U550  |sparsemux_33_4_4_1_1  |        0|   0|  0|   65|    0|
    |sparsemux_33_4_4_1_1_U552  |sparsemux_33_4_4_1_1  |        0|   0|  0|   65|    0|
    |sparsemux_33_4_4_1_1_U553  |sparsemux_33_4_4_1_1  |        0|   0|  0|   65|    0|
    |sparsemux_33_4_4_1_1_U554  |sparsemux_33_4_4_1_1  |        0|   0|  0|   65|    0|
    |sparsemux_33_4_4_1_1_U555  |sparsemux_33_4_4_1_1  |        0|   0|  0|   65|    0|
    |sparsemux_33_4_4_1_1_U557  |sparsemux_33_4_4_1_1  |        0|   0|  0|   65|    0|
    |sparsemux_33_4_4_1_1_U558  |sparsemux_33_4_4_1_1  |        0|   0|  0|   65|    0|
    |sparsemux_33_4_4_1_1_U559  |sparsemux_33_4_4_1_1  |        0|   0|  0|   65|    0|
    |sparsemux_33_4_4_1_1_U560  |sparsemux_33_4_4_1_1  |        0|   0|  0|   65|    0|
    |sparsemux_33_4_4_1_1_U562  |sparsemux_33_4_4_1_1  |        0|   0|  0|   65|    0|
    |sparsemux_33_4_4_1_1_U563  |sparsemux_33_4_4_1_1  |        0|   0|  0|   65|    0|
    |sparsemux_33_4_4_1_1_U564  |sparsemux_33_4_4_1_1  |        0|   0|  0|   65|    0|
    |sparsemux_33_4_4_1_1_U565  |sparsemux_33_4_4_1_1  |        0|   0|  0|   65|    0|
    |sparsemux_33_4_4_1_1_U567  |sparsemux_33_4_4_1_1  |        0|   0|  0|   65|    0|
    |sparsemux_33_4_4_1_1_U568  |sparsemux_33_4_4_1_1  |        0|   0|  0|   65|    0|
    |sparsemux_33_4_4_1_1_U569  |sparsemux_33_4_4_1_1  |        0|   0|  0|   65|    0|
    |sparsemux_33_4_4_1_1_U570  |sparsemux_33_4_4_1_1  |        0|   0|  0|   65|    0|
    |sparsemux_33_4_4_1_1_U572  |sparsemux_33_4_4_1_1  |        0|   0|  0|   65|    0|
    |sparsemux_33_4_4_1_1_U573  |sparsemux_33_4_4_1_1  |        0|   0|  0|   65|    0|
    |sparsemux_33_4_4_1_1_U574  |sparsemux_33_4_4_1_1  |        0|   0|  0|   65|    0|
    |sparsemux_33_4_4_1_1_U575  |sparsemux_33_4_4_1_1  |        0|   0|  0|   65|    0|
    |sparsemux_33_4_4_1_1_U577  |sparsemux_33_4_4_1_1  |        0|   0|  0|   65|    0|
    |sparsemux_33_4_4_1_1_U578  |sparsemux_33_4_4_1_1  |        0|   0|  0|   65|    0|
    |sparsemux_33_4_4_1_1_U579  |sparsemux_33_4_4_1_1  |        0|   0|  0|   65|    0|
    |sparsemux_33_4_4_1_1_U580  |sparsemux_33_4_4_1_1  |        0|   0|  0|   65|    0|
    |sparsemux_33_4_4_1_1_U582  |sparsemux_33_4_4_1_1  |        0|   0|  0|   65|    0|
    |sparsemux_33_4_4_1_1_U583  |sparsemux_33_4_4_1_1  |        0|   0|  0|   65|    0|
    |sparsemux_33_4_4_1_1_U584  |sparsemux_33_4_4_1_1  |        0|   0|  0|   65|    0|
    |sparsemux_33_4_4_1_1_U585  |sparsemux_33_4_4_1_1  |        0|   0|  0|   65|    0|
    |sparsemux_33_4_4_1_1_U587  |sparsemux_33_4_4_1_1  |        0|   0|  0|   65|    0|
    |sparsemux_33_4_4_1_1_U588  |sparsemux_33_4_4_1_1  |        0|   0|  0|   65|    0|
    |sparsemux_33_4_4_1_1_U589  |sparsemux_33_4_4_1_1  |        0|   0|  0|   65|    0|
    |sparsemux_33_4_4_1_1_U590  |sparsemux_33_4_4_1_1  |        0|   0|  0|   65|    0|
    |sparsemux_33_4_4_1_1_U592  |sparsemux_33_4_4_1_1  |        0|   0|  0|   65|    0|
    |sparsemux_33_4_4_1_1_U593  |sparsemux_33_4_4_1_1  |        0|   0|  0|   65|    0|
    |sparsemux_33_4_4_1_1_U594  |sparsemux_33_4_4_1_1  |        0|   0|  0|   65|    0|
    |sparsemux_33_4_4_1_1_U595  |sparsemux_33_4_4_1_1  |        0|   0|  0|   65|    0|
    |sparsemux_33_4_4_1_1_U597  |sparsemux_33_4_4_1_1  |        0|   0|  0|   65|    0|
    |sparsemux_33_4_4_1_1_U598  |sparsemux_33_4_4_1_1  |        0|   0|  0|   65|    0|
    |sparsemux_33_4_4_1_1_U599  |sparsemux_33_4_4_1_1  |        0|   0|  0|   65|    0|
    |sparsemux_33_4_4_1_1_U600  |sparsemux_33_4_4_1_1  |        0|   0|  0|   65|    0|
    |sparsemux_33_4_4_1_1_U602  |sparsemux_33_4_4_1_1  |        0|   0|  0|   65|    0|
    |sparsemux_33_4_4_1_1_U603  |sparsemux_33_4_4_1_1  |        0|   0|  0|   65|    0|
    |sparsemux_33_4_4_1_1_U604  |sparsemux_33_4_4_1_1  |        0|   0|  0|   65|    0|
    |sparsemux_33_4_4_1_1_U605  |sparsemux_33_4_4_1_1  |        0|   0|  0|   65|    0|
    |sparsemux_33_4_4_1_1_U607  |sparsemux_33_4_4_1_1  |        0|   0|  0|   65|    0|
    |sparsemux_33_4_4_1_1_U608  |sparsemux_33_4_4_1_1  |        0|   0|  0|   65|    0|
    |sparsemux_33_4_4_1_1_U609  |sparsemux_33_4_4_1_1  |        0|   0|  0|   65|    0|
    |sparsemux_33_4_4_1_1_U610  |sparsemux_33_4_4_1_1  |        0|   0|  0|   65|    0|
    |sparsemux_33_4_4_1_1_U612  |sparsemux_33_4_4_1_1  |        0|   0|  0|   65|    0|
    |sparsemux_33_4_4_1_1_U613  |sparsemux_33_4_4_1_1  |        0|   0|  0|   65|    0|
    |sparsemux_33_4_4_1_1_U614  |sparsemux_33_4_4_1_1  |        0|   0|  0|   65|    0|
    |sparsemux_33_4_4_1_1_U615  |sparsemux_33_4_4_1_1  |        0|   0|  0|   65|    0|
    |sparsemux_33_4_4_1_1_U617  |sparsemux_33_4_4_1_1  |        0|   0|  0|   65|    0|
    |sparsemux_33_4_4_1_1_U618  |sparsemux_33_4_4_1_1  |        0|   0|  0|   65|    0|
    |sparsemux_33_4_4_1_1_U619  |sparsemux_33_4_4_1_1  |        0|   0|  0|   65|    0|
    |sparsemux_33_4_4_1_1_U620  |sparsemux_33_4_4_1_1  |        0|   0|  0|   65|    0|
    |sparsemux_33_4_4_1_1_U622  |sparsemux_33_4_4_1_1  |        0|   0|  0|   65|    0|
    |sparsemux_33_4_4_1_1_U623  |sparsemux_33_4_4_1_1  |        0|   0|  0|   65|    0|
    |sparsemux_33_4_4_1_1_U624  |sparsemux_33_4_4_1_1  |        0|   0|  0|   65|    0|
    |sparsemux_33_4_4_1_1_U625  |sparsemux_33_4_4_1_1  |        0|   0|  0|   65|    0|
    |sparsemux_33_4_4_1_1_U627  |sparsemux_33_4_4_1_1  |        0|   0|  0|   65|    0|
    |sparsemux_33_4_4_1_1_U628  |sparsemux_33_4_4_1_1  |        0|   0|  0|   65|    0|
    |sparsemux_33_4_4_1_1_U629  |sparsemux_33_4_4_1_1  |        0|   0|  0|   65|    0|
    |sparsemux_33_4_4_1_1_U630  |sparsemux_33_4_4_1_1  |        0|   0|  0|   65|    0|
    |sparsemux_33_4_4_1_1_U632  |sparsemux_33_4_4_1_1  |        0|   0|  0|   65|    0|
    |sparsemux_33_4_4_1_1_U633  |sparsemux_33_4_4_1_1  |        0|   0|  0|   65|    0|
    |sparsemux_33_4_4_1_1_U634  |sparsemux_33_4_4_1_1  |        0|   0|  0|   65|    0|
    |sparsemux_33_4_4_1_1_U635  |sparsemux_33_4_4_1_1  |        0|   0|  0|   65|    0|
    |sparsemux_33_4_4_1_1_U637  |sparsemux_33_4_4_1_1  |        0|   0|  0|   65|    0|
    |sparsemux_33_4_4_1_1_U638  |sparsemux_33_4_4_1_1  |        0|   0|  0|   65|    0|
    |sparsemux_33_4_4_1_1_U639  |sparsemux_33_4_4_1_1  |        0|   0|  0|   65|    0|
    |sparsemux_33_4_4_1_1_U640  |sparsemux_33_4_4_1_1  |        0|   0|  0|   65|    0|
    |sparsemux_9_2_4_1_1_U6     |sparsemux_9_2_4_1_1   |        0|   0|  0|   17|    0|
    |sparsemux_9_2_4_1_1_U11    |sparsemux_9_2_4_1_1   |        0|   0|  0|   17|    0|
    |sparsemux_9_2_4_1_1_U16    |sparsemux_9_2_4_1_1   |        0|   0|  0|   17|    0|
    |sparsemux_9_2_4_1_1_U21    |sparsemux_9_2_4_1_1   |        0|   0|  0|   17|    0|
    |sparsemux_9_2_4_1_1_U26    |sparsemux_9_2_4_1_1   |        0|   0|  0|   17|    0|
    |sparsemux_9_2_4_1_1_U31    |sparsemux_9_2_4_1_1   |        0|   0|  0|   17|    0|
    |sparsemux_9_2_4_1_1_U36    |sparsemux_9_2_4_1_1   |        0|   0|  0|   17|    0|
    |sparsemux_9_2_4_1_1_U41    |sparsemux_9_2_4_1_1   |        0|   0|  0|   17|    0|
    |sparsemux_9_2_4_1_1_U46    |sparsemux_9_2_4_1_1   |        0|   0|  0|   17|    0|
    |sparsemux_9_2_4_1_1_U51    |sparsemux_9_2_4_1_1   |        0|   0|  0|   17|    0|
    |sparsemux_9_2_4_1_1_U56    |sparsemux_9_2_4_1_1   |        0|   0|  0|   17|    0|
    |sparsemux_9_2_4_1_1_U61    |sparsemux_9_2_4_1_1   |        0|   0|  0|   17|    0|
    |sparsemux_9_2_4_1_1_U66    |sparsemux_9_2_4_1_1   |        0|   0|  0|   17|    0|
    |sparsemux_9_2_4_1_1_U71    |sparsemux_9_2_4_1_1   |        0|   0|  0|   17|    0|
    |sparsemux_9_2_4_1_1_U76    |sparsemux_9_2_4_1_1   |        0|   0|  0|   17|    0|
    |sparsemux_9_2_4_1_1_U81    |sparsemux_9_2_4_1_1   |        0|   0|  0|   17|    0|
    |sparsemux_9_2_4_1_1_U86    |sparsemux_9_2_4_1_1   |        0|   0|  0|   17|    0|
    |sparsemux_9_2_4_1_1_U91    |sparsemux_9_2_4_1_1   |        0|   0|  0|   17|    0|
    |sparsemux_9_2_4_1_1_U96    |sparsemux_9_2_4_1_1   |        0|   0|  0|   17|    0|
    |sparsemux_9_2_4_1_1_U101   |sparsemux_9_2_4_1_1   |        0|   0|  0|   17|    0|
    |sparsemux_9_2_4_1_1_U106   |sparsemux_9_2_4_1_1   |        0|   0|  0|   17|    0|
    |sparsemux_9_2_4_1_1_U111   |sparsemux_9_2_4_1_1   |        0|   0|  0|   17|    0|
    |sparsemux_9_2_4_1_1_U116   |sparsemux_9_2_4_1_1   |        0|   0|  0|   17|    0|
    |sparsemux_9_2_4_1_1_U121   |sparsemux_9_2_4_1_1   |        0|   0|  0|   17|    0|
    |sparsemux_9_2_4_1_1_U126   |sparsemux_9_2_4_1_1   |        0|   0|  0|   17|    0|
    |sparsemux_9_2_4_1_1_U131   |sparsemux_9_2_4_1_1   |        0|   0|  0|   17|    0|
    |sparsemux_9_2_4_1_1_U136   |sparsemux_9_2_4_1_1   |        0|   0|  0|   17|    0|
    |sparsemux_9_2_4_1_1_U141   |sparsemux_9_2_4_1_1   |        0|   0|  0|   17|    0|
    |sparsemux_9_2_4_1_1_U146   |sparsemux_9_2_4_1_1   |        0|   0|  0|   17|    0|
    |sparsemux_9_2_4_1_1_U151   |sparsemux_9_2_4_1_1   |        0|   0|  0|   17|    0|
    |sparsemux_9_2_4_1_1_U156   |sparsemux_9_2_4_1_1   |        0|   0|  0|   17|    0|
    |sparsemux_9_2_4_1_1_U161   |sparsemux_9_2_4_1_1   |        0|   0|  0|   17|    0|
    |sparsemux_9_2_4_1_1_U166   |sparsemux_9_2_4_1_1   |        0|   0|  0|   17|    0|
    |sparsemux_9_2_4_1_1_U171   |sparsemux_9_2_4_1_1   |        0|   0|  0|   17|    0|
    |sparsemux_9_2_4_1_1_U176   |sparsemux_9_2_4_1_1   |        0|   0|  0|   17|    0|
    |sparsemux_9_2_4_1_1_U181   |sparsemux_9_2_4_1_1   |        0|   0|  0|   17|    0|
    |sparsemux_9_2_4_1_1_U186   |sparsemux_9_2_4_1_1   |        0|   0|  0|   17|    0|
    |sparsemux_9_2_4_1_1_U191   |sparsemux_9_2_4_1_1   |        0|   0|  0|   17|    0|
    |sparsemux_9_2_4_1_1_U196   |sparsemux_9_2_4_1_1   |        0|   0|  0|   17|    0|
    |sparsemux_9_2_4_1_1_U201   |sparsemux_9_2_4_1_1   |        0|   0|  0|   17|    0|
    |sparsemux_9_2_4_1_1_U206   |sparsemux_9_2_4_1_1   |        0|   0|  0|   17|    0|
    |sparsemux_9_2_4_1_1_U211   |sparsemux_9_2_4_1_1   |        0|   0|  0|   17|    0|
    |sparsemux_9_2_4_1_1_U216   |sparsemux_9_2_4_1_1   |        0|   0|  0|   17|    0|
    |sparsemux_9_2_4_1_1_U221   |sparsemux_9_2_4_1_1   |        0|   0|  0|   17|    0|
    |sparsemux_9_2_4_1_1_U226   |sparsemux_9_2_4_1_1   |        0|   0|  0|   17|    0|
    |sparsemux_9_2_4_1_1_U231   |sparsemux_9_2_4_1_1   |        0|   0|  0|   17|    0|
    |sparsemux_9_2_4_1_1_U236   |sparsemux_9_2_4_1_1   |        0|   0|  0|   17|    0|
    |sparsemux_9_2_4_1_1_U241   |sparsemux_9_2_4_1_1   |        0|   0|  0|   17|    0|
    |sparsemux_9_2_4_1_1_U246   |sparsemux_9_2_4_1_1   |        0|   0|  0|   17|    0|
    |sparsemux_9_2_4_1_1_U251   |sparsemux_9_2_4_1_1   |        0|   0|  0|   17|    0|
    |sparsemux_9_2_4_1_1_U256   |sparsemux_9_2_4_1_1   |        0|   0|  0|   17|    0|
    |sparsemux_9_2_4_1_1_U261   |sparsemux_9_2_4_1_1   |        0|   0|  0|   17|    0|
    |sparsemux_9_2_4_1_1_U266   |sparsemux_9_2_4_1_1   |        0|   0|  0|   17|    0|
    |sparsemux_9_2_4_1_1_U271   |sparsemux_9_2_4_1_1   |        0|   0|  0|   17|    0|
    |sparsemux_9_2_4_1_1_U276   |sparsemux_9_2_4_1_1   |        0|   0|  0|   17|    0|
    |sparsemux_9_2_4_1_1_U281   |sparsemux_9_2_4_1_1   |        0|   0|  0|   17|    0|
    |sparsemux_9_2_4_1_1_U286   |sparsemux_9_2_4_1_1   |        0|   0|  0|   17|    0|
    |sparsemux_9_2_4_1_1_U291   |sparsemux_9_2_4_1_1   |        0|   0|  0|   17|    0|
    |sparsemux_9_2_4_1_1_U296   |sparsemux_9_2_4_1_1   |        0|   0|  0|   17|    0|
    |sparsemux_9_2_4_1_1_U301   |sparsemux_9_2_4_1_1   |        0|   0|  0|   17|    0|
    |sparsemux_9_2_4_1_1_U306   |sparsemux_9_2_4_1_1   |        0|   0|  0|   17|    0|
    |sparsemux_9_2_4_1_1_U311   |sparsemux_9_2_4_1_1   |        0|   0|  0|   17|    0|
    |sparsemux_9_2_4_1_1_U316   |sparsemux_9_2_4_1_1   |        0|   0|  0|   17|    0|
    |sparsemux_9_2_4_1_1_U321   |sparsemux_9_2_4_1_1   |        0|   0|  0|   17|    0|
    |sparsemux_9_2_4_1_1_U326   |sparsemux_9_2_4_1_1   |        0|   0|  0|   17|    0|
    |sparsemux_9_2_4_1_1_U331   |sparsemux_9_2_4_1_1   |        0|   0|  0|   17|    0|
    |sparsemux_9_2_4_1_1_U336   |sparsemux_9_2_4_1_1   |        0|   0|  0|   17|    0|
    |sparsemux_9_2_4_1_1_U341   |sparsemux_9_2_4_1_1   |        0|   0|  0|   17|    0|
    |sparsemux_9_2_4_1_1_U346   |sparsemux_9_2_4_1_1   |        0|   0|  0|   17|    0|
    |sparsemux_9_2_4_1_1_U351   |sparsemux_9_2_4_1_1   |        0|   0|  0|   17|    0|
    |sparsemux_9_2_4_1_1_U356   |sparsemux_9_2_4_1_1   |        0|   0|  0|   17|    0|
    |sparsemux_9_2_4_1_1_U361   |sparsemux_9_2_4_1_1   |        0|   0|  0|   17|    0|
    |sparsemux_9_2_4_1_1_U366   |sparsemux_9_2_4_1_1   |        0|   0|  0|   17|    0|
    |sparsemux_9_2_4_1_1_U371   |sparsemux_9_2_4_1_1   |        0|   0|  0|   17|    0|
    |sparsemux_9_2_4_1_1_U376   |sparsemux_9_2_4_1_1   |        0|   0|  0|   17|    0|
    |sparsemux_9_2_4_1_1_U381   |sparsemux_9_2_4_1_1   |        0|   0|  0|   17|    0|
    |sparsemux_9_2_4_1_1_U386   |sparsemux_9_2_4_1_1   |        0|   0|  0|   17|    0|
    |sparsemux_9_2_4_1_1_U391   |sparsemux_9_2_4_1_1   |        0|   0|  0|   17|    0|
    |sparsemux_9_2_4_1_1_U396   |sparsemux_9_2_4_1_1   |        0|   0|  0|   17|    0|
    |sparsemux_9_2_4_1_1_U401   |sparsemux_9_2_4_1_1   |        0|   0|  0|   17|    0|
    |sparsemux_9_2_4_1_1_U406   |sparsemux_9_2_4_1_1   |        0|   0|  0|   17|    0|
    |sparsemux_9_2_4_1_1_U411   |sparsemux_9_2_4_1_1   |        0|   0|  0|   17|    0|
    |sparsemux_9_2_4_1_1_U416   |sparsemux_9_2_4_1_1   |        0|   0|  0|   17|    0|
    |sparsemux_9_2_4_1_1_U421   |sparsemux_9_2_4_1_1   |        0|   0|  0|   17|    0|
    |sparsemux_9_2_4_1_1_U426   |sparsemux_9_2_4_1_1   |        0|   0|  0|   17|    0|
    |sparsemux_9_2_4_1_1_U431   |sparsemux_9_2_4_1_1   |        0|   0|  0|   17|    0|
    |sparsemux_9_2_4_1_1_U436   |sparsemux_9_2_4_1_1   |        0|   0|  0|   17|    0|
    |sparsemux_9_2_4_1_1_U441   |sparsemux_9_2_4_1_1   |        0|   0|  0|   17|    0|
    |sparsemux_9_2_4_1_1_U446   |sparsemux_9_2_4_1_1   |        0|   0|  0|   17|    0|
    |sparsemux_9_2_4_1_1_U451   |sparsemux_9_2_4_1_1   |        0|   0|  0|   17|    0|
    |sparsemux_9_2_4_1_1_U456   |sparsemux_9_2_4_1_1   |        0|   0|  0|   17|    0|
    |sparsemux_9_2_4_1_1_U461   |sparsemux_9_2_4_1_1   |        0|   0|  0|   17|    0|
    |sparsemux_9_2_4_1_1_U466   |sparsemux_9_2_4_1_1   |        0|   0|  0|   17|    0|
    |sparsemux_9_2_4_1_1_U471   |sparsemux_9_2_4_1_1   |        0|   0|  0|   17|    0|
    |sparsemux_9_2_4_1_1_U476   |sparsemux_9_2_4_1_1   |        0|   0|  0|   17|    0|
    |sparsemux_9_2_4_1_1_U481   |sparsemux_9_2_4_1_1   |        0|   0|  0|   17|    0|
    |sparsemux_9_2_4_1_1_U486   |sparsemux_9_2_4_1_1   |        0|   0|  0|   17|    0|
    |sparsemux_9_2_4_1_1_U491   |sparsemux_9_2_4_1_1   |        0|   0|  0|   17|    0|
    |sparsemux_9_2_4_1_1_U496   |sparsemux_9_2_4_1_1   |        0|   0|  0|   17|    0|
    |sparsemux_9_2_4_1_1_U501   |sparsemux_9_2_4_1_1   |        0|   0|  0|   17|    0|
    |sparsemux_9_2_4_1_1_U506   |sparsemux_9_2_4_1_1   |        0|   0|  0|   17|    0|
    |sparsemux_9_2_4_1_1_U511   |sparsemux_9_2_4_1_1   |        0|   0|  0|   17|    0|
    |sparsemux_9_2_4_1_1_U516   |sparsemux_9_2_4_1_1   |        0|   0|  0|   17|    0|
    |sparsemux_9_2_4_1_1_U521   |sparsemux_9_2_4_1_1   |        0|   0|  0|   17|    0|
    |sparsemux_9_2_4_1_1_U526   |sparsemux_9_2_4_1_1   |        0|   0|  0|   17|    0|
    |sparsemux_9_2_4_1_1_U531   |sparsemux_9_2_4_1_1   |        0|   0|  0|   17|    0|
    |sparsemux_9_2_4_1_1_U536   |sparsemux_9_2_4_1_1   |        0|   0|  0|   17|    0|
    |sparsemux_9_2_4_1_1_U541   |sparsemux_9_2_4_1_1   |        0|   0|  0|   17|    0|
    |sparsemux_9_2_4_1_1_U546   |sparsemux_9_2_4_1_1   |        0|   0|  0|   17|    0|
    |sparsemux_9_2_4_1_1_U551   |sparsemux_9_2_4_1_1   |        0|   0|  0|   17|    0|
    |sparsemux_9_2_4_1_1_U556   |sparsemux_9_2_4_1_1   |        0|   0|  0|   17|    0|
    |sparsemux_9_2_4_1_1_U561   |sparsemux_9_2_4_1_1   |        0|   0|  0|   17|    0|
    |sparsemux_9_2_4_1_1_U566   |sparsemux_9_2_4_1_1   |        0|   0|  0|   17|    0|
    |sparsemux_9_2_4_1_1_U571   |sparsemux_9_2_4_1_1   |        0|   0|  0|   17|    0|
    |sparsemux_9_2_4_1_1_U576   |sparsemux_9_2_4_1_1   |        0|   0|  0|   17|    0|
    |sparsemux_9_2_4_1_1_U581   |sparsemux_9_2_4_1_1   |        0|   0|  0|   17|    0|
    |sparsemux_9_2_4_1_1_U586   |sparsemux_9_2_4_1_1   |        0|   0|  0|   17|    0|
    |sparsemux_9_2_4_1_1_U591   |sparsemux_9_2_4_1_1   |        0|   0|  0|   17|    0|
    |sparsemux_9_2_4_1_1_U596   |sparsemux_9_2_4_1_1   |        0|   0|  0|   17|    0|
    |sparsemux_9_2_4_1_1_U601   |sparsemux_9_2_4_1_1   |        0|   0|  0|   17|    0|
    |sparsemux_9_2_4_1_1_U606   |sparsemux_9_2_4_1_1   |        0|   0|  0|   17|    0|
    |sparsemux_9_2_4_1_1_U611   |sparsemux_9_2_4_1_1   |        0|   0|  0|   17|    0|
    |sparsemux_9_2_4_1_1_U616   |sparsemux_9_2_4_1_1   |        0|   0|  0|   17|    0|
    |sparsemux_9_2_4_1_1_U621   |sparsemux_9_2_4_1_1   |        0|   0|  0|   17|    0|
    |sparsemux_9_2_4_1_1_U626   |sparsemux_9_2_4_1_1   |        0|   0|  0|   17|    0|
    |sparsemux_9_2_4_1_1_U631   |sparsemux_9_2_4_1_1   |        0|   0|  0|   17|    0|
    |sparsemux_9_2_4_1_1_U636   |sparsemux_9_2_4_1_1   |        0|   0|  0|   17|    0|
    |sparsemux_9_2_4_1_1_U641   |sparsemux_9_2_4_1_1   |        0|   0|  0|   17|    0|
    +---------------------------+----------------------+---------+----+---+-----+-----+
    |Total                      |                      |        0|   0|  0|35456|    0|
    +---------------------------+----------------------+---------+----+---+-----+-----+

    * DSP: 
    N/A

    * Memory: 
    N/A

    * FIFO: 
    N/A

    * Expression: 
    +----------------------+----------+----+---+----+------------+------------+
    |     Variable Name    | Operation| DSP| FF| LUT| Bitwidth P0| Bitwidth P1|
    +----------------------+----------+----+---+----+------------+------------+
    |new_R_10_fu_35498_p2  |       xor|   0|  0|  32|          32|          32|
    |new_R_11_fu_38643_p2  |       xor|   0|  0|  32|          32|          32|
    |new_R_12_fu_41788_p2  |       xor|   0|  0|  32|          32|          32|
    |new_R_13_fu_44933_p2  |       xor|   0|  0|  32|          32|          32|
    |new_R_14_fu_48078_p2  |       xor|   0|  0|  32|          32|          32|
    |new_R_15_fu_51255_p2  |       xor|   0|  0|  32|          32|          32|
    |new_R_1_fu_7192_p2    |       xor|   0|  0|  32|          32|          32|
    |new_R_2_fu_10338_p2   |       xor|   0|  0|  32|          32|          32|
    |new_R_3_fu_13483_p2   |       xor|   0|  0|  32|          32|          32|
    |new_R_4_fu_16628_p2   |       xor|   0|  0|  32|          32|          32|
    |new_R_5_fu_19773_p2   |       xor|   0|  0|  32|          32|          32|
    |new_R_6_fu_22918_p2   |       xor|   0|  0|  32|          32|          32|
    |new_R_7_fu_26063_p2   |       xor|   0|  0|  32|          32|          32|
    |new_R_8_fu_29208_p2   |       xor|   0|  0|  32|          32|          32|
    |new_R_9_fu_32353_p2   |       xor|   0|  0|  32|          32|          32|
    |new_R_fu_4010_p2      |       xor|   0|  0|  32|          32|          32|
    |xored_10_fu_32468_p2  |       xor|   0|  0|  48|          48|          48|
    |xored_11_fu_35613_p2  |       xor|   0|  0|  48|          48|          48|
    |xored_12_fu_38758_p2  |       xor|   0|  0|  48|          48|          48|
    |xored_13_fu_41903_p2  |       xor|   0|  0|  48|          48|          48|
    |xored_14_fu_45048_p2  |       xor|   0|  0|  48|          48|          48|
    |xored_15_fu_48193_p2  |       xor|   0|  0|  48|          48|          48|
    |xored_1_fu_4126_p2    |       xor|   0|  0|  48|          48|          48|
    |xored_2_fu_7308_p2    |       xor|   0|  0|  48|          48|          48|
    |xored_3_fu_10453_p2   |       xor|   0|  0|  48|          48|          48|
    |xored_4_fu_13598_p2   |       xor|   0|  0|  48|          48|          48|
    |xored_5_fu_16743_p2   |       xor|   0|  0|  48|          48|          48|
    |xored_6_fu_19888_p2   |       xor|   0|  0|  48|          48|          48|
    |xored_7_fu_23033_p2   |       xor|   0|  0|  48|          48|          48|
    |xored_8_fu_26178_p2   |       xor|   0|  0|  48|          48|          48|
    |xored_9_fu_29323_p2   |       xor|   0|  0|  48|          48|          48|
    |xored_fu_944_p2       |       xor|   0|  0|  48|          48|          48|
    +----------------------+----------+----+---+----+------------+------------+
    |Total                 |          |   0|  0|1280|        1280|        1280|
    +----------------------+----------+----+---+----+------------+------------+

    * Multiplexer: 
    +-----------+----+-----------+-----+-----------+
    |    Name   | LUT| Input Size| Bits| Total Bits|
    +-----------+----+-----------+-----+-----------+
    |ap_NS_fsm  |  81|         17|    1|         17|
    |ap_return  |   9|          2|   64|        128|
    +-----------+----+-----------+-----+-----------+
    |Total      |  90|         19|   65|        145|
    +-----------+----+-----------+-----+-----------+

    * Register: 
    +--------------------------+----+----+-----+-----------+
    |           Name           | FF | LUT| Bits| Const Bits|
    +--------------------------+----+----+-----+-----------+
    |ap_CS_fsm                 |  16|   0|   16|          0|
    |ap_return_preg            |  64|   0|   64|          0|
    |new_R_10_reg_54014        |  32|   0|   32|          0|
    |new_R_11_reg_54179        |  32|   0|   32|          0|
    |new_R_12_reg_54344        |  32|   0|   32|          0|
    |new_R_13_reg_54509        |  32|   0|   32|          0|
    |new_R_1_reg_52529         |  32|   0|   32|          0|
    |new_R_2_reg_52694         |  32|   0|   32|          0|
    |new_R_3_reg_52859         |  32|   0|   32|          0|
    |new_R_4_reg_53024         |  32|   0|   32|          0|
    |new_R_5_reg_53189         |  32|   0|   32|          0|
    |new_R_6_reg_53354         |  32|   0|   32|          0|
    |new_R_7_reg_53519         |  32|   0|   32|          0|
    |new_R_8_reg_53684         |  32|   0|   32|          0|
    |new_R_9_reg_53849         |  32|   0|   32|          0|
    |new_R_reg_52364           |  32|   0|   32|          0|
    |tmp_1000_reg_53884        |   1|   0|    1|          0|
    |tmp_1001_reg_53889        |   1|   0|    1|          0|
    |tmp_1002_reg_53894        |   1|   0|    1|          0|
    |tmp_1003_reg_53899        |   1|   0|    1|          0|
    |tmp_1004_reg_53904        |   1|   0|    1|          0|
    |tmp_1005_reg_53909        |   1|   0|    1|          0|
    |tmp_1006_reg_53914        |   1|   0|    1|          0|
    |tmp_1007_reg_53919        |   1|   0|    1|          0|
    |tmp_1008_reg_53924        |   1|   0|    1|          0|
    |tmp_1009_reg_53939        |   1|   0|    1|          0|
    |tmp_1010_reg_53949        |   1|   0|    1|          0|
    |tmp_1011_reg_53954        |   1|   0|    1|          0|
    |tmp_1012_reg_53959        |   1|   0|    1|          0|
    |tmp_1013_reg_53964        |   1|   0|    1|          0|
    |tmp_1014_reg_53969        |   1|   0|    1|          0|
    |tmp_1015_reg_53974        |   1|   0|    1|          0|
    |tmp_1016_reg_53979        |   1|   0|    1|          0|
    |tmp_1017_reg_53984        |   1|   0|    1|          0|
    |tmp_1018_reg_53989        |   1|   0|    1|          0|
    |tmp_1019_reg_53999        |   1|   0|    1|          0|
    |tmp_101_reg_51889         |   1|   0|    1|          0|
    |tmp_1020_reg_54004        |   1|   0|    1|          0|
    |tmp_102_reg_51894         |   1|   0|    1|          0|
    |tmp_103_reg_51899         |   1|   0|    1|          0|
    |tmp_104_reg_51904         |   1|   0|    1|          0|
    |tmp_105_reg_51909         |   1|   0|    1|          0|
    |tmp_106_reg_51914         |   1|   0|    1|          0|
    |tmp_1076_reg_54024        |   1|   0|    1|          0|
    |tmp_1077_reg_54029        |   1|   0|    1|          0|
    |tmp_1078_reg_54044        |   1|   0|    1|          0|
    |tmp_1079_reg_54049        |   1|   0|    1|          0|
    |tmp_107_reg_51919         |   1|   0|    1|          0|
    |tmp_1080_reg_54054        |   1|   0|    1|          0|
    |tmp_1081_reg_54059        |   1|   0|    1|          0|
    |tmp_1082_reg_54064        |   1|   0|    1|          0|
    |tmp_1083_reg_54069        |   1|   0|    1|          0|
    |tmp_1084_reg_54074        |   1|   0|    1|          0|
    |tmp_1085_reg_54079        |   1|   0|    1|          0|
    |tmp_1086_reg_54084        |   1|   0|    1|          0|
    |tmp_1087_reg_54089        |   1|   0|    1|          0|
    |tmp_1088_reg_54104        |   1|   0|    1|          0|
    |tmp_1089_reg_54114        |   1|   0|    1|          0|
    |tmp_108_reg_51924         |   1|   0|    1|          0|
    |tmp_1090_reg_54119        |   1|   0|    1|          0|
    |tmp_1091_reg_54124        |   1|   0|    1|          0|
    |tmp_1092_reg_54129        |   1|   0|    1|          0|
    |tmp_1093_reg_54134        |   1|   0|    1|          0|
    |tmp_1094_reg_54139        |   1|   0|    1|          0|
    |tmp_1095_reg_54144        |   1|   0|    1|          0|
    |tmp_1096_reg_54149        |   1|   0|    1|          0|
    |tmp_1097_reg_54154        |   1|   0|    1|          0|
    |tmp_1098_reg_54164        |   1|   0|    1|          0|
    |tmp_1099_reg_54169        |   1|   0|    1|          0|
    |tmp_109_reg_51929         |   1|   0|    1|          0|
    |tmp_110_reg_51934         |   1|   0|    1|          0|
    |tmp_111_reg_51939         |   1|   0|    1|          0|
    |tmp_112_reg_51944         |   1|   0|    1|          0|
    |tmp_113_reg_51949         |   1|   0|    1|          0|
    |tmp_114_reg_51954         |   1|   0|    1|          0|
    |tmp_1155_reg_54189        |   1|   0|    1|          0|
    |tmp_1156_reg_54194        |   1|   0|    1|          0|
    |tmp_1157_reg_54209        |   1|   0|    1|          0|
    |tmp_1158_reg_54214        |   1|   0|    1|          0|
    |tmp_1159_reg_54219        |   1|   0|    1|          0|
    |tmp_115_reg_51959         |   1|   0|    1|          0|
    |tmp_1160_reg_54224        |   1|   0|    1|          0|
    |tmp_1161_reg_54229        |   1|   0|    1|          0|
    |tmp_1162_reg_54234        |   1|   0|    1|          0|
    |tmp_1163_reg_54239        |   1|   0|    1|          0|
    |tmp_1164_reg_54244        |   1|   0|    1|          0|
    |tmp_1165_reg_54249        |   1|   0|    1|          0|
    |tmp_1166_reg_54254        |   1|   0|    1|          0|
    |tmp_1167_reg_54269        |   1|   0|    1|          0|
    |tmp_1168_reg_54279        |   1|   0|    1|          0|
    |tmp_1169_reg_54284        |   1|   0|    1|          0|
    |tmp_116_reg_51964         |   1|   0|    1|          0|
    |tmp_1170_reg_54289        |   1|   0|    1|          0|
    |tmp_1171_reg_54294        |   1|   0|    1|          0|
    |tmp_1172_reg_54299        |   1|   0|    1|          0|
    |tmp_1173_reg_54304        |   1|   0|    1|          0|
    |tmp_1174_reg_54309        |   1|   0|    1|          0|
    |tmp_1175_reg_54314        |   1|   0|    1|          0|
    |tmp_1176_reg_54319        |   1|   0|    1|          0|
    |tmp_1177_reg_54329        |   1|   0|    1|          0|
    |tmp_1178_reg_54334        |   1|   0|    1|          0|
    |tmp_117_reg_51969         |   1|   0|    1|          0|
    |tmp_118_reg_51974         |   1|   0|    1|          0|
    |tmp_1234_reg_54354        |   1|   0|    1|          0|
    |tmp_1235_reg_54359        |   1|   0|    1|          0|
    |tmp_1236_reg_54374        |   1|   0|    1|          0|
    |tmp_1237_reg_54379        |   1|   0|    1|          0|
    |tmp_1238_reg_54384        |   1|   0|    1|          0|
    |tmp_1239_reg_54389        |   1|   0|    1|          0|
    |tmp_123_reg_51979         |   1|   0|    1|          0|
    |tmp_1240_reg_54394        |   1|   0|    1|          0|
    |tmp_1241_reg_54399        |   1|   0|    1|          0|
    |tmp_1242_reg_54404        |   1|   0|    1|          0|
    |tmp_1243_reg_54409        |   1|   0|    1|          0|
    |tmp_1244_reg_54414        |   1|   0|    1|          0|
    |tmp_1245_reg_54419        |   1|   0|    1|          0|
    |tmp_1246_reg_54434        |   1|   0|    1|          0|
    |tmp_1247_reg_54444        |   1|   0|    1|          0|
    |tmp_1248_reg_54449        |   1|   0|    1|          0|
    |tmp_1249_reg_54454        |   1|   0|    1|          0|
    |tmp_124_reg_51984         |   1|   0|    1|          0|
    |tmp_1250_reg_54459        |   1|   0|    1|          0|
    |tmp_1251_reg_54464        |   1|   0|    1|          0|
    |tmp_1252_reg_54469        |   1|   0|    1|          0|
    |tmp_1253_reg_54474        |   1|   0|    1|          0|
    |tmp_1254_reg_54479        |   1|   0|    1|          0|
    |tmp_1255_reg_54484        |   1|   0|    1|          0|
    |tmp_1256_reg_54494        |   1|   0|    1|          0|
    |tmp_1257_reg_54499        |   1|   0|    1|          0|
    |tmp_129_reg_51989         |   1|   0|    1|          0|
    |tmp_130_reg_51994         |   1|   0|    1|          0|
    |tmp_1313_reg_54519        |   1|   0|    1|          0|
    |tmp_1314_reg_54524        |   1|   0|    1|          0|
    |tmp_1315_reg_54539        |   1|   0|    1|          0|
    |tmp_1316_reg_54544        |   1|   0|    1|          0|
    |tmp_1317_reg_54549        |   1|   0|    1|          0|
    |tmp_1318_reg_54554        |   1|   0|    1|          0|
    |tmp_1319_reg_54559        |   1|   0|    1|          0|
    |tmp_1320_reg_54564        |   1|   0|    1|          0|
    |tmp_1321_reg_54569        |   1|   0|    1|          0|
    |tmp_1322_reg_54574        |   1|   0|    1|          0|
    |tmp_1323_reg_54579        |   1|   0|    1|          0|
    |tmp_1324_reg_54584        |   1|   0|    1|          0|
    |tmp_1325_reg_54599        |   1|   0|    1|          0|
    |tmp_1326_reg_54609        |   1|   0|    1|          0|
    |tmp_1327_reg_54614        |   1|   0|    1|          0|
    |tmp_1328_reg_54619        |   1|   0|    1|          0|
    |tmp_1329_reg_54624        |   1|   0|    1|          0|
    |tmp_1330_reg_54629        |   1|   0|    1|          0|
    |tmp_1331_reg_54634        |   1|   0|    1|          0|
    |tmp_1332_reg_54639        |   1|   0|    1|          0|
    |tmp_1333_reg_54644        |   1|   0|    1|          0|
    |tmp_1334_reg_54649        |   1|   0|    1|          0|
    |tmp_1335_reg_54659        |   1|   0|    1|          0|
    |tmp_1336_reg_54664        |   1|   0|    1|          0|
    |tmp_135_reg_51999         |   1|   0|    1|          0|
    |tmp_136_reg_52009         |   1|   0|    1|          0|
    |tmp_141_reg_52014         |   1|   0|    1|          0|
    |tmp_142_reg_52019         |   1|   0|    1|          0|
    |tmp_147_reg_52024         |   1|   0|    1|          0|
    |tmp_148_reg_52029         |   1|   0|    1|          0|
    |tmp_153_reg_52034         |   1|   0|    1|          0|
    |tmp_154_reg_52039         |   1|   0|    1|          0|
    |tmp_159_reg_52044         |   1|   0|    1|          0|
    |tmp_160_reg_52049         |   1|   0|    1|          0|
    |tmp_165_reg_52054         |   1|   0|    1|          0|
    |tmp_166_reg_52059         |   1|   0|    1|          0|
    |tmp_167_reg_52064         |   1|   0|    1|          0|
    |tmp_168_reg_52069         |   1|   0|    1|          0|
    |tmp_169_reg_52074         |   1|   0|    1|          0|
    |tmp_170_reg_52079         |   1|   0|    1|          0|
    |tmp_171_reg_52084         |   1|   0|    1|          0|
    |tmp_172_reg_52089         |   1|   0|    1|          0|
    |tmp_173_reg_52094         |   1|   0|    1|          0|
    |tmp_174_reg_52099         |   1|   0|    1|          0|
    |tmp_175_reg_52104         |   1|   0|    1|          0|
    |tmp_176_reg_52109         |   1|   0|    1|          0|
    |tmp_177_reg_52114         |   1|   0|    1|          0|
    |tmp_178_reg_52119         |   1|   0|    1|          0|
    |tmp_179_reg_52124         |   1|   0|    1|          0|
    |tmp_180_reg_52129         |   1|   0|    1|          0|
    |tmp_181_reg_52134         |   1|   0|    1|          0|
    |tmp_182_reg_52139         |   1|   0|    1|          0|
    |tmp_183_reg_52144         |   1|   0|    1|          0|
    |tmp_184_reg_52149         |   1|   0|    1|          0|
    |tmp_185_reg_52154         |   1|   0|    1|          0|
    |tmp_186_reg_52159         |   1|   0|    1|          0|
    |tmp_187_reg_52164         |   1|   0|    1|          0|
    |tmp_188_reg_52169         |   1|   0|    1|          0|
    |tmp_189_reg_52174         |   1|   0|    1|          0|
    |tmp_190_reg_52179         |   1|   0|    1|          0|
    |tmp_191_reg_52184         |   1|   0|    1|          0|
    |tmp_192_reg_52189         |   1|   0|    1|          0|
    |tmp_193_reg_52194         |   1|   0|    1|          0|
    |tmp_194_reg_52199         |   1|   0|    1|          0|
    |tmp_237_reg_52209         |   1|   0|    1|          0|
    |tmp_238_reg_52214         |   1|   0|    1|          0|
    |tmp_243_reg_52229         |   1|   0|    1|          0|
    |tmp_244_reg_52234         |   1|   0|    1|          0|
    |tmp_249_reg_52239         |   1|   0|    1|          0|
    |tmp_250_reg_52244         |   1|   0|    1|          0|
    |tmp_255_reg_52249         |   1|   0|    1|          0|
    |tmp_256_reg_52254         |   1|   0|    1|          0|
    |tmp_257_reg_52259         |   1|   0|    1|          0|
    |tmp_258_reg_52264         |   1|   0|    1|          0|
    |tmp_259_reg_52269         |   1|   0|    1|          0|
    |tmp_260_reg_52274         |   1|   0|    1|          0|
    |tmp_261_reg_52289         |   1|   0|    1|          0|
    |tmp_262_reg_52299         |   1|   0|    1|          0|
    |tmp_263_reg_52304         |   1|   0|    1|          0|
    |tmp_264_reg_52309         |   1|   0|    1|          0|
    |tmp_265_reg_52314         |   1|   0|    1|          0|
    |tmp_266_reg_52319         |   1|   0|    1|          0|
    |tmp_267_reg_52324         |   1|   0|    1|          0|
    |tmp_268_reg_52329         |   1|   0|    1|          0|
    |tmp_269_reg_52334         |   1|   0|    1|          0|
    |tmp_270_reg_52339         |   1|   0|    1|          0|
    |tmp_271_reg_52349         |   1|   0|    1|          0|
    |tmp_272_reg_52354         |   1|   0|    1|          0|
    |tmp_296_reg_52374         |   1|   0|    1|          0|
    |tmp_297_reg_52379         |   1|   0|    1|          0|
    |tmp_298_reg_52394         |   1|   0|    1|          0|
    |tmp_303_reg_52399         |   1|   0|    1|          0|
    |tmp_304_reg_52404         |   1|   0|    1|          0|
    |tmp_309_reg_52409         |   1|   0|    1|          0|
    |tmp_310_reg_52414         |   1|   0|    1|          0|
    |tmp_315_reg_52419         |   1|   0|    1|          0|
    |tmp_316_reg_52424         |   1|   0|    1|          0|
    |tmp_321_reg_52429         |   1|   0|    1|          0|
    |tmp_322_reg_52434         |   1|   0|    1|          0|
    |tmp_327_reg_52439         |   1|   0|    1|          0|
    |tmp_328_reg_52454         |   1|   0|    1|          0|
    |tmp_333_reg_52464         |   1|   0|    1|          0|
    |tmp_334_reg_52469         |   1|   0|    1|          0|
    |tmp_339_reg_52474         |   1|   0|    1|          0|
    |tmp_340_reg_52479         |   1|   0|    1|          0|
    |tmp_345_reg_52484         |   1|   0|    1|          0|
    |tmp_346_reg_52489         |   1|   0|    1|          0|
    |tmp_347_reg_52494         |   1|   0|    1|          0|
    |tmp_348_reg_52499         |   1|   0|    1|          0|
    |tmp_349_reg_52504         |   1|   0|    1|          0|
    |tmp_350_reg_52514         |   1|   0|    1|          0|
    |tmp_351_reg_52519         |   1|   0|    1|          0|
    |tmp_368_reg_52539         |   1|   0|    1|          0|
    |tmp_369_reg_52544         |   1|   0|    1|          0|
    |tmp_370_reg_52559         |   1|   0|    1|          0|
    |tmp_371_reg_52564         |   1|   0|    1|          0|
    |tmp_372_reg_52569         |   1|   0|    1|          0|
    |tmp_373_reg_52574         |   1|   0|    1|          0|
    |tmp_374_reg_52579         |   1|   0|    1|          0|
    |tmp_375_reg_52584         |   1|   0|    1|          0|
    |tmp_376_reg_52589         |   1|   0|    1|          0|
    |tmp_377_reg_52594         |   1|   0|    1|          0|
    |tmp_378_reg_52599         |   1|   0|    1|          0|
    |tmp_386_reg_52604         |   1|   0|    1|          0|
    |tmp_387_reg_52619         |   1|   0|    1|          0|
    |tmp_388_reg_52629         |   1|   0|    1|          0|
    |tmp_393_reg_52634         |   1|   0|    1|          0|
    |tmp_394_reg_52639         |   1|   0|    1|          0|
    |tmp_399_reg_52644         |   1|   0|    1|          0|
    |tmp_400_reg_52649         |   1|   0|    1|          0|
    |tmp_405_reg_52654         |   1|   0|    1|          0|
    |tmp_406_reg_52659         |   1|   0|    1|          0|
    |tmp_411_reg_52664         |   1|   0|    1|          0|
    |tmp_412_reg_52669         |   1|   0|    1|          0|
    |tmp_417_reg_52679         |   1|   0|    1|          0|
    |tmp_418_reg_52684         |   1|   0|    1|          0|
    |tmp_447_reg_52704         |   1|   0|    1|          0|
    |tmp_448_reg_52709         |   1|   0|    1|          0|
    |tmp_449_reg_52724         |   1|   0|    1|          0|
    |tmp_450_reg_52729         |   1|   0|    1|          0|
    |tmp_451_reg_52734         |   1|   0|    1|          0|
    |tmp_452_reg_52739         |   1|   0|    1|          0|
    |tmp_453_reg_52744         |   1|   0|    1|          0|
    |tmp_454_reg_52749         |   1|   0|    1|          0|
    |tmp_455_reg_52754         |   1|   0|    1|          0|
    |tmp_456_reg_52759         |   1|   0|    1|          0|
    |tmp_457_reg_52764         |   1|   0|    1|          0|
    |tmp_458_reg_52769         |   1|   0|    1|          0|
    |tmp_459_reg_52784         |   1|   0|    1|          0|
    |tmp_460_reg_52794         |   1|   0|    1|          0|
    |tmp_461_reg_52799         |   1|   0|    1|          0|
    |tmp_462_reg_52804         |   1|   0|    1|          0|
    |tmp_463_reg_52809         |   1|   0|    1|          0|
    |tmp_464_reg_52814         |   1|   0|    1|          0|
    |tmp_465_reg_52819         |   1|   0|    1|          0|
    |tmp_466_reg_52824         |   1|   0|    1|          0|
    |tmp_467_reg_52829         |   1|   0|    1|          0|
    |tmp_468_reg_52834         |   1|   0|    1|          0|
    |tmp_476_reg_52844         |   1|   0|    1|          0|
    |tmp_477_reg_52849         |   1|   0|    1|          0|
    |tmp_526_reg_52869         |   1|   0|    1|          0|
    |tmp_527_reg_52874         |   1|   0|    1|          0|
    |tmp_528_reg_52889         |   1|   0|    1|          0|
    |tmp_529_reg_52894         |   1|   0|    1|          0|
    |tmp_530_reg_52899         |   1|   0|    1|          0|
    |tmp_531_reg_52904         |   1|   0|    1|          0|
    |tmp_532_reg_52909         |   1|   0|    1|          0|
    |tmp_533_reg_52914         |   1|   0|    1|          0|
    |tmp_534_reg_52919         |   1|   0|    1|          0|
    |tmp_535_reg_52924         |   1|   0|    1|          0|
    |tmp_536_reg_52929         |   1|   0|    1|          0|
    |tmp_537_reg_52934         |   1|   0|    1|          0|
    |tmp_538_reg_52949         |   1|   0|    1|          0|
    |tmp_539_reg_52959         |   1|   0|    1|          0|
    |tmp_540_reg_52964         |   1|   0|    1|          0|
    |tmp_541_reg_52969         |   1|   0|    1|          0|
    |tmp_542_reg_52974         |   1|   0|    1|          0|
    |tmp_543_reg_52979         |   1|   0|    1|          0|
    |tmp_544_reg_52984         |   1|   0|    1|          0|
    |tmp_545_reg_52989         |   1|   0|    1|          0|
    |tmp_546_reg_52994         |   1|   0|    1|          0|
    |tmp_547_reg_52999         |   1|   0|    1|          0|
    |tmp_548_reg_53009         |   1|   0|    1|          0|
    |tmp_549_reg_53014         |   1|   0|    1|          0|
    |tmp_602_reg_53034         |   1|   0|    1|          0|
    |tmp_603_reg_53039         |   1|   0|    1|          0|
    |tmp_604_reg_53054         |   1|   0|    1|          0|
    |tmp_605_reg_53059         |   1|   0|    1|          0|
    |tmp_606_reg_53064         |   1|   0|    1|          0|
    |tmp_607_reg_53069         |   1|   0|    1|          0|
    |tmp_608_reg_53074         |   1|   0|    1|          0|
    |tmp_609_reg_53079         |   1|   0|    1|          0|
    |tmp_610_reg_53084         |   1|   0|    1|          0|
    |tmp_611_reg_53089         |   1|   0|    1|          0|
    |tmp_612_reg_53094         |   1|   0|    1|          0|
    |tmp_613_reg_53099         |   1|   0|    1|          0|
    |tmp_614_reg_53114         |   1|   0|    1|          0|
    |tmp_615_reg_53124         |   1|   0|    1|          0|
    |tmp_616_reg_53129         |   1|   0|    1|          0|
    |tmp_617_reg_53134         |   1|   0|    1|          0|
    |tmp_618_reg_53139         |   1|   0|    1|          0|
    |tmp_619_reg_53144         |   1|   0|    1|          0|
    |tmp_620_reg_53149         |   1|   0|    1|          0|
    |tmp_621_reg_53154         |   1|   0|    1|          0|
    |tmp_622_reg_53159         |   1|   0|    1|          0|
    |tmp_623_reg_53164         |   1|   0|    1|          0|
    |tmp_624_reg_53174         |   1|   0|    1|          0|
    |tmp_625_reg_53179         |   1|   0|    1|          0|
    |tmp_681_reg_53199         |   1|   0|    1|          0|
    |tmp_682_reg_53204         |   1|   0|    1|          0|
    |tmp_683_reg_53219         |   1|   0|    1|          0|
    |tmp_684_reg_53224         |   1|   0|    1|          0|
    |tmp_685_reg_53229         |   1|   0|    1|          0|
    |tmp_686_reg_53234         |   1|   0|    1|          0|
    |tmp_687_reg_53239         |   1|   0|    1|          0|
    |tmp_688_reg_53244         |   1|   0|    1|          0|
    |tmp_689_reg_53249         |   1|   0|    1|          0|
    |tmp_690_reg_53254         |   1|   0|    1|          0|
    |tmp_691_reg_53259         |   1|   0|    1|          0|
    |tmp_692_reg_53264         |   1|   0|    1|          0|
    |tmp_693_reg_53279         |   1|   0|    1|          0|
    |tmp_694_reg_53289         |   1|   0|    1|          0|
    |tmp_695_reg_53294         |   1|   0|    1|          0|
    |tmp_696_reg_53299         |   1|   0|    1|          0|
    |tmp_697_reg_53304         |   1|   0|    1|          0|
    |tmp_698_reg_53309         |   1|   0|    1|          0|
    |tmp_699_reg_53314         |   1|   0|    1|          0|
    |tmp_700_reg_53319         |   1|   0|    1|          0|
    |tmp_701_reg_53324         |   1|   0|    1|          0|
    |tmp_702_reg_53329         |   1|   0|    1|          0|
    |tmp_703_reg_53339         |   1|   0|    1|          0|
    |tmp_704_reg_53344         |   1|   0|    1|          0|
    |tmp_760_reg_53364         |   1|   0|    1|          0|
    |tmp_761_reg_53369         |   1|   0|    1|          0|
    |tmp_762_reg_53384         |   1|   0|    1|          0|
    |tmp_763_reg_53389         |   1|   0|    1|          0|
    |tmp_764_reg_53394         |   1|   0|    1|          0|
    |tmp_765_reg_53399         |   1|   0|    1|          0|
    |tmp_766_reg_53404         |   1|   0|    1|          0|
    |tmp_767_reg_53409         |   1|   0|    1|          0|
    |tmp_768_reg_53414         |   1|   0|    1|          0|
    |tmp_769_reg_53419         |   1|   0|    1|          0|
    |tmp_770_reg_53424         |   1|   0|    1|          0|
    |tmp_771_reg_53429         |   1|   0|    1|          0|
    |tmp_772_reg_53444         |   1|   0|    1|          0|
    |tmp_773_reg_53454         |   1|   0|    1|          0|
    |tmp_774_reg_53459         |   1|   0|    1|          0|
    |tmp_775_reg_53464         |   1|   0|    1|          0|
    |tmp_776_reg_53469         |   1|   0|    1|          0|
    |tmp_777_reg_53474         |   1|   0|    1|          0|
    |tmp_778_reg_53479         |   1|   0|    1|          0|
    |tmp_779_reg_53484         |   1|   0|    1|          0|
    |tmp_780_reg_53489         |   1|   0|    1|          0|
    |tmp_781_reg_53494         |   1|   0|    1|          0|
    |tmp_782_reg_53504         |   1|   0|    1|          0|
    |tmp_783_reg_53509         |   1|   0|    1|          0|
    |tmp_839_reg_53529         |   1|   0|    1|          0|
    |tmp_840_reg_53534         |   1|   0|    1|          0|
    |tmp_841_reg_53549         |   1|   0|    1|          0|
    |tmp_842_reg_53554         |   1|   0|    1|          0|
    |tmp_843_reg_53559         |   1|   0|    1|          0|
    |tmp_844_reg_53564         |   1|   0|    1|          0|
    |tmp_845_reg_53569         |   1|   0|    1|          0|
    |tmp_846_reg_53574         |   1|   0|    1|          0|
    |tmp_847_reg_53579         |   1|   0|    1|          0|
    |tmp_848_reg_53584         |   1|   0|    1|          0|
    |tmp_849_reg_53589         |   1|   0|    1|          0|
    |tmp_850_reg_53594         |   1|   0|    1|          0|
    |tmp_851_reg_53609         |   1|   0|    1|          0|
    |tmp_852_reg_53619         |   1|   0|    1|          0|
    |tmp_853_reg_53624         |   1|   0|    1|          0|
    |tmp_854_reg_53629         |   1|   0|    1|          0|
    |tmp_855_reg_53634         |   1|   0|    1|          0|
    |tmp_856_reg_53639         |   1|   0|    1|          0|
    |tmp_857_reg_53644         |   1|   0|    1|          0|
    |tmp_858_reg_53649         |   1|   0|    1|          0|
    |tmp_859_reg_53654         |   1|   0|    1|          0|
    |tmp_860_reg_53659         |   1|   0|    1|          0|
    |tmp_861_reg_53669         |   1|   0|    1|          0|
    |tmp_862_reg_53674         |   1|   0|    1|          0|
    |tmp_918_reg_53694         |   1|   0|    1|          0|
    |tmp_919_reg_53699         |   1|   0|    1|          0|
    |tmp_920_reg_53714         |   1|   0|    1|          0|
    |tmp_921_reg_53719         |   1|   0|    1|          0|
    |tmp_922_reg_53724         |   1|   0|    1|          0|
    |tmp_923_reg_53729         |   1|   0|    1|          0|
    |tmp_924_reg_53734         |   1|   0|    1|          0|
    |tmp_925_reg_53739         |   1|   0|    1|          0|
    |tmp_926_reg_53744         |   1|   0|    1|          0|
    |tmp_927_reg_53749         |   1|   0|    1|          0|
    |tmp_928_reg_53754         |   1|   0|    1|          0|
    |tmp_929_reg_53759         |   1|   0|    1|          0|
    |tmp_930_reg_53774         |   1|   0|    1|          0|
    |tmp_931_reg_53784         |   1|   0|    1|          0|
    |tmp_932_reg_53789         |   1|   0|    1|          0|
    |tmp_933_reg_53794         |   1|   0|    1|          0|
    |tmp_934_reg_53799         |   1|   0|    1|          0|
    |tmp_935_reg_53804         |   1|   0|    1|          0|
    |tmp_936_reg_53809         |   1|   0|    1|          0|
    |tmp_937_reg_53814         |   1|   0|    1|          0|
    |tmp_938_reg_53819         |   1|   0|    1|          0|
    |tmp_939_reg_53824         |   1|   0|    1|          0|
    |tmp_940_reg_53834         |   1|   0|    1|          0|
    |tmp_941_reg_53839         |   1|   0|    1|          0|
    |tmp_997_reg_53859         |   1|   0|    1|          0|
    |tmp_998_reg_53864         |   1|   0|    1|          0|
    |tmp_999_reg_53879         |   1|   0|    1|          0|
    |tmp_reg_51884             |   1|   0|    1|          0|
    |trunc_ln20_reg_52004      |   1|   0|    1|          0|
    |trunc_ln62_100_reg_54264  |   1|   0|    1|          0|
    |trunc_ln62_101_reg_54274  |   1|   0|    1|          0|
    |trunc_ln62_102_reg_54324  |   1|   0|    1|          0|
    |trunc_ln62_103_reg_54339  |   1|   0|    1|          0|
    |trunc_ln62_104_reg_54349  |   1|   0|    1|          0|
    |trunc_ln62_105_reg_54364  |   1|   0|    1|          0|
    |trunc_ln62_106_reg_54369  |   1|   0|    1|          0|
    |trunc_ln62_107_reg_54424  |   1|   0|    1|          0|
    |trunc_ln62_108_reg_54429  |   1|   0|    1|          0|
    |trunc_ln62_109_reg_54439  |   1|   0|    1|          0|
    |trunc_ln62_10_reg_52389   |   1|   0|    1|          0|
    |trunc_ln62_110_reg_54489  |   1|   0|    1|          0|
    |trunc_ln62_111_reg_54504  |   1|   0|    1|          0|
    |trunc_ln62_112_reg_54514  |   1|   0|    1|          0|
    |trunc_ln62_113_reg_54529  |   1|   0|    1|          0|
    |trunc_ln62_114_reg_54534  |   1|   0|    1|          0|
    |trunc_ln62_115_reg_54589  |   1|   0|    1|          0|
    |trunc_ln62_116_reg_54594  |   1|   0|    1|          0|
    |trunc_ln62_117_reg_54604  |   1|   0|    1|          0|
    |trunc_ln62_118_reg_54654  |   1|   0|    1|          0|
    |trunc_ln62_119_reg_54669  |   1|   0|    1|          0|
    |trunc_ln62_11_reg_52444   |   1|   0|    1|          0|
    |trunc_ln62_12_reg_52449   |   1|   0|    1|          0|
    |trunc_ln62_13_reg_52459   |   1|   0|    1|          0|
    |trunc_ln62_14_reg_52509   |   1|   0|    1|          0|
    |trunc_ln62_15_reg_52524   |   1|   0|    1|          0|
    |trunc_ln62_16_reg_52534   |   1|   0|    1|          0|
    |trunc_ln62_17_reg_52549   |   1|   0|    1|          0|
    |trunc_ln62_18_reg_52554   |   1|   0|    1|          0|
    |trunc_ln62_19_reg_52609   |   1|   0|    1|          0|
    |trunc_ln62_1_reg_52219    |   1|   0|    1|          0|
    |trunc_ln62_20_reg_52614   |   1|   0|    1|          0|
    |trunc_ln62_21_reg_52624   |   1|   0|    1|          0|
    |trunc_ln62_22_reg_52674   |   1|   0|    1|          0|
    |trunc_ln62_23_reg_52689   |   1|   0|    1|          0|
    |trunc_ln62_24_reg_52699   |   1|   0|    1|          0|
    |trunc_ln62_25_reg_52714   |   1|   0|    1|          0|
    |trunc_ln62_26_reg_52719   |   1|   0|    1|          0|
    |trunc_ln62_27_reg_52774   |   1|   0|    1|          0|
    |trunc_ln62_28_reg_52779   |   1|   0|    1|          0|
    |trunc_ln62_29_reg_52789   |   1|   0|    1|          0|
    |trunc_ln62_2_reg_52224    |   1|   0|    1|          0|
    |trunc_ln62_30_reg_52839   |   1|   0|    1|          0|
    |trunc_ln62_31_reg_52854   |   1|   0|    1|          0|
    |trunc_ln62_32_reg_52864   |   1|   0|    1|          0|
    |trunc_ln62_33_reg_52879   |   1|   0|    1|          0|
    |trunc_ln62_34_reg_52884   |   1|   0|    1|          0|
    |trunc_ln62_35_reg_52939   |   1|   0|    1|          0|
    |trunc_ln62_36_reg_52944   |   1|   0|    1|          0|
    |trunc_ln62_37_reg_52954   |   1|   0|    1|          0|
    |trunc_ln62_38_reg_53004   |   1|   0|    1|          0|
    |trunc_ln62_39_reg_53019   |   1|   0|    1|          0|
    |trunc_ln62_3_reg_52279    |   1|   0|    1|          0|
    |trunc_ln62_40_reg_53029   |   1|   0|    1|          0|
    |trunc_ln62_41_reg_53044   |   1|   0|    1|          0|
    |trunc_ln62_42_reg_53049   |   1|   0|    1|          0|
    |trunc_ln62_43_reg_53104   |   1|   0|    1|          0|
    |trunc_ln62_44_reg_53109   |   1|   0|    1|          0|
    |trunc_ln62_45_reg_53119   |   1|   0|    1|          0|
    |trunc_ln62_46_reg_53169   |   1|   0|    1|          0|
    |trunc_ln62_47_reg_53184   |   1|   0|    1|          0|
    |trunc_ln62_48_reg_53194   |   1|   0|    1|          0|
    |trunc_ln62_49_reg_53209   |   1|   0|    1|          0|
    |trunc_ln62_4_reg_52284    |   1|   0|    1|          0|
    |trunc_ln62_50_reg_53214   |   1|   0|    1|          0|
    |trunc_ln62_51_reg_53269   |   1|   0|    1|          0|
    |trunc_ln62_52_reg_53274   |   1|   0|    1|          0|
    |trunc_ln62_53_reg_53284   |   1|   0|    1|          0|
    |trunc_ln62_54_reg_53334   |   1|   0|    1|          0|
    |trunc_ln62_55_reg_53349   |   1|   0|    1|          0|
    |trunc_ln62_56_reg_53359   |   1|   0|    1|          0|
    |trunc_ln62_57_reg_53374   |   1|   0|    1|          0|
    |trunc_ln62_58_reg_53379   |   1|   0|    1|          0|
    |trunc_ln62_59_reg_53434   |   1|   0|    1|          0|
    |trunc_ln62_5_reg_52294    |   1|   0|    1|          0|
    |trunc_ln62_60_reg_53439   |   1|   0|    1|          0|
    |trunc_ln62_61_reg_53449   |   1|   0|    1|          0|
    |trunc_ln62_62_reg_53499   |   1|   0|    1|          0|
    |trunc_ln62_63_reg_53514   |   1|   0|    1|          0|
    |trunc_ln62_64_reg_53524   |   1|   0|    1|          0|
    |trunc_ln62_65_reg_53539   |   1|   0|    1|          0|
    |trunc_ln62_66_reg_53544   |   1|   0|    1|          0|
    |trunc_ln62_67_reg_53599   |   1|   0|    1|          0|
    |trunc_ln62_68_reg_53604   |   1|   0|    1|          0|
    |trunc_ln62_69_reg_53614   |   1|   0|    1|          0|
    |trunc_ln62_6_reg_52344    |   1|   0|    1|          0|
    |trunc_ln62_70_reg_53664   |   1|   0|    1|          0|
    |trunc_ln62_71_reg_53679   |   1|   0|    1|          0|
    |trunc_ln62_72_reg_53689   |   1|   0|    1|          0|
    |trunc_ln62_73_reg_53704   |   1|   0|    1|          0|
    |trunc_ln62_74_reg_53709   |   1|   0|    1|          0|
    |trunc_ln62_75_reg_53764   |   1|   0|    1|          0|
    |trunc_ln62_76_reg_53769   |   1|   0|    1|          0|
    |trunc_ln62_77_reg_53779   |   1|   0|    1|          0|
    |trunc_ln62_78_reg_53829   |   1|   0|    1|          0|
    |trunc_ln62_79_reg_53844   |   1|   0|    1|          0|
    |trunc_ln62_7_reg_52359    |   1|   0|    1|          0|
    |trunc_ln62_80_reg_53854   |   1|   0|    1|          0|
    |trunc_ln62_81_reg_53869   |   1|   0|    1|          0|
    |trunc_ln62_82_reg_53874   |   1|   0|    1|          0|
    |trunc_ln62_83_reg_53929   |   1|   0|    1|          0|
    |trunc_ln62_84_reg_53934   |   1|   0|    1|          0|
    |trunc_ln62_85_reg_53944   |   1|   0|    1|          0|
    |trunc_ln62_86_reg_53994   |   1|   0|    1|          0|
    |trunc_ln62_87_reg_54009   |   1|   0|    1|          0|
    |trunc_ln62_88_reg_54019   |   1|   0|    1|          0|
    |trunc_ln62_89_reg_54034   |   1|   0|    1|          0|
    |trunc_ln62_8_reg_52369    |   1|   0|    1|          0|
    |trunc_ln62_90_reg_54039   |   1|   0|    1|          0|
    |trunc_ln62_91_reg_54094   |   1|   0|    1|          0|
    |trunc_ln62_92_reg_54099   |   1|   0|    1|          0|
    |trunc_ln62_93_reg_54109   |   1|   0|    1|          0|
    |trunc_ln62_94_reg_54159   |   1|   0|    1|          0|
    |trunc_ln62_95_reg_54174   |   1|   0|    1|          0|
    |trunc_ln62_96_reg_54184   |   1|   0|    1|          0|
    |trunc_ln62_97_reg_54199   |   1|   0|    1|          0|
    |trunc_ln62_98_reg_54204   |   1|   0|    1|          0|
    |trunc_ln62_99_reg_54259   |   1|   0|    1|          0|
    |trunc_ln62_9_reg_52384    |   1|   0|    1|          0|
    |trunc_ln62_reg_52204      |   1|   0|    1|          0|
    +--------------------------+----+----+-----+-----------+
    |Total                     |1072|   0| 1072|          0|
    +--------------------------+----+----+-----+-----------+



================================================================
== Interface
================================================================
* Summary: 
+----------------+-----+-----+------------+----------------+--------------+
|    RTL Ports   | Dir | Bits|  Protocol  |  Source Object |    C Type    |
+----------------+-----+-----+------------+----------------+--------------+
|ap_clk          |   in|    1|  ap_ctrl_hs|        des_core|  return value|
|ap_rst          |   in|    1|  ap_ctrl_hs|        des_core|  return value|
|ap_start        |   in|    1|  ap_ctrl_hs|        des_core|  return value|
|ap_done         |  out|    1|  ap_ctrl_hs|        des_core|  return value|
|ap_idle         |  out|    1|  ap_ctrl_hs|        des_core|  return value|
|ap_ready        |  out|    1|  ap_ctrl_hs|        des_core|  return value|
|ap_return       |  out|   64|  ap_ctrl_hs|        des_core|  return value|
|input_r         |   in|   64|     ap_none|         input_r|        scalar|
|subkeys_0_val   |   in|   48|     ap_none|   subkeys_0_val|        scalar|
|subkeys_1_val   |   in|   48|     ap_none|   subkeys_1_val|        scalar|
|subkeys_2_val   |   in|   48|     ap_none|   subkeys_2_val|        scalar|
|subkeys_3_val   |   in|   48|     ap_none|   subkeys_3_val|        scalar|
|subkeys_4_val   |   in|   48|     ap_none|   subkeys_4_val|        scalar|
|subkeys_5_val   |   in|   48|     ap_none|   subkeys_5_val|        scalar|
|subkeys_6_val   |   in|   48|     ap_none|   subkeys_6_val|        scalar|
|subkeys_7_val   |   in|   48|     ap_none|   subkeys_7_val|        scalar|
|subkeys_8_val   |   in|   48|     ap_none|   subkeys_8_val|        scalar|
|subkeys_9_val   |   in|   48|     ap_none|   subkeys_9_val|        scalar|
|subkeys_10_val  |   in|   48|     ap_none|  subkeys_10_val|        scalar|
|subkeys_11_val  |   in|   48|     ap_none|  subkeys_11_val|        scalar|
|subkeys_12_val  |   in|   48|     ap_none|  subkeys_12_val|        scalar|
|subkeys_13_val  |   in|   48|     ap_none|  subkeys_13_val|        scalar|
|subkeys_14_val  |   in|   48|     ap_none|  subkeys_14_val|        scalar|
|subkeys_15_val  |   in|   48|     ap_none|  subkeys_15_val|        scalar|
+----------------+-----+-----+------------+----------------+--------------+

