

================================================================
== Vitis HLS Report for 'des_encrypt'
================================================================
* Date:           Fri Feb  6 16:31:29 2026

* Version:        2025.2 (Build 6295257 on Nov 14 2025)
* Project:        des_crypto
* Solution:       hls (Vivado IP Flow Target)
* Product family: artix7
* Target device:  xc7a100t-csg324-1


================================================================
== Performance Estimates
================================================================
+ Timing: 
    * Summary: 
    +--------+----------+----------+------------+
    |  Clock |  Target  | Estimated| Uncertainty|
    +--------+----------+----------+------------+
    |ap_clk  |  10.00 ns|  6.724 ns|     2.70 ns|
    +--------+----------+----------+------------+

+ Latency: 
    * Summary: 
    +---------+---------+----------+----------+-----+-----+---------+
    |  Latency (cycles) |  Latency (absolute) |  Interval | Pipeline|
    |   min   |   max   |    min   |    max   | min | max |   Type  |
    +---------+---------+----------+----------+-----+-----+---------+
    |       16|       16|  0.160 us|  0.160 us|   17|   17|       no|
    +---------+---------+----------+----------+-----+-----+---------+

    + Detail: 
        * Instance: 
        +---------------------------------+------------------+---------+---------+----------+----------+-----+-----+---------+
        |                                 |                  |  Latency (cycles) |  Latency (absolute) |  Interval | Pipeline|
        |             Instance            |      Module      |   min   |   max   |    min   |    max   | min | max |   Type  |
        +---------------------------------+------------------+---------+---------+----------+----------+-----+-----+---------+
        |call_ret_generate_subkeys_fu_53  |generate_subkeys  |        0|        0|      0 ns|      0 ns|    0|    0|       no|
        |grp_des_core_fu_59               |des_core          |       15|       15|  0.150 us|  0.150 us|   15|   15|       no|
        +---------------------------------+------------------+---------+---------+----------+----------+-----+-----+---------+

        * Loop: 
        N/A



================================================================
== Utilization Estimates
================================================================
* Summary: 
+-----------------+---------+-----+--------+-------+-----+
|       Name      | BRAM_18K| DSP |   FF   |  LUT  | URAM|
+-----------------+---------+-----+--------+-------+-----+
|DSP              |        -|    -|       -|      -|    -|
|Expression       |        -|    -|       -|      -|    -|
|FIFO             |        -|    -|       -|      -|    -|
|Instance         |        -|    -|    1072|  36826|    -|
|Memory           |        -|    -|       -|      -|    -|
|Multiplexer      |        -|    -|       0|     13|    -|
|Register         |        -|    -|     835|      -|    -|
+-----------------+---------+-----+--------+-------+-----+
|Total            |        0|    0|    1907|  36839|    0|
+-----------------+---------+-----+--------+-------+-----+
|Available        |      270|  240|  126800|  63400|    0|
+-----------------+---------+-----+--------+-------+-----+
|Utilization (%)  |        0|    0|       1|     58|    0|
+-----------------+---------+-----+--------+-------+-----+

+ Detail: 
    * Instance: 
    +---------------------------------+------------------+---------+----+------+-------+-----+
    |             Instance            |      Module      | BRAM_18K| DSP|  FF  |  LUT  | URAM|
    +---------------------------------+------------------+---------+----+------+-------+-----+
    |grp_des_core_fu_59               |des_core          |        0|   0|  1072|  36826|    0|
    |call_ret_generate_subkeys_fu_53  |generate_subkeys  |        0|   0|     0|      0|    0|
    +---------------------------------+------------------+---------+----+------+-------+-----+
    |Total                            |                  |        0|   0|  1072|  36826|    0|
    +---------------------------------+------------------+---------+----+------+-------+-----+

    * DSP: 
    N/A

    * Memory: 
    N/A

    * FIFO: 
    N/A

    * Expression: 
    N/A

    * Multiplexer: 
    +-----------+----+-----------+-----+-----------+
    |    Name   | LUT| Input Size| Bits| Total Bits|
    +-----------+----+-----------+-----+-----------+
    |ap_NS_fsm  |  13|          3|    1|          3|
    +-----------+----+-----------+-----+-----------+
    |Total      |  13|          3|    1|          3|
    +-----------+----+-----------+-----+-----------+

    * Register: 
    +---------------------------------+----+----+-----+-----------+
    |               Name              | FF | LUT| Bits| Const Bits|
    +---------------------------------+----+----+-----+-----------+
    |ap_CS_fsm                        |   2|   0|    2|          0|
    |grp_des_core_fu_59_ap_start_reg  |   1|   0|    1|          0|
    |plaintext_read_reg_162           |  64|   0|   64|          0|
    |subkeys_10_reg_217               |  48|   0|   48|          0|
    |subkeys_11_reg_222               |  48|   0|   48|          0|
    |subkeys_12_reg_227               |  48|   0|   48|          0|
    |subkeys_13_reg_232               |  48|   0|   48|          0|
    |subkeys_14_reg_237               |  48|   0|   48|          0|
    |subkeys_15_reg_242               |  48|   0|   48|          0|
    |subkeys_1_reg_172                |  48|   0|   48|          0|
    |subkeys_2_reg_177                |  48|   0|   48|          0|
    |subkeys_3_reg_182                |  48|   0|   48|          0|
    |subkeys_4_reg_187                |  48|   0|   48|          0|
    |subkeys_5_reg_192                |  48|   0|   48|          0|
    |subkeys_6_reg_197                |  48|   0|   48|          0|
    |subkeys_7_reg_202                |  48|   0|   48|          0|
    |subkeys_8_reg_207                |  48|   0|   48|          0|
    |subkeys_9_reg_212                |  48|   0|   48|          0|
    |subkeys_reg_167                  |  48|   0|   48|          0|
    +---------------------------------+----+----+-----+-----------+
    |Total                            | 835|   0|  835|          0|
    +---------------------------------+----+----+-----+-----------+



================================================================
== Interface
================================================================
* Summary: 
+-------------------+-----+-----+------------+--------------+--------------+
|     RTL Ports     | Dir | Bits|  Protocol  | Source Object|    C Type    |
+-------------------+-----+-----+------------+--------------+--------------+
|ap_clk             |   in|    1|  ap_ctrl_hs|   des_encrypt|  return value|
|ap_rst             |   in|    1|  ap_ctrl_hs|   des_encrypt|  return value|
|ap_start           |   in|    1|  ap_ctrl_hs|   des_encrypt|  return value|
|ap_done            |  out|    1|  ap_ctrl_hs|   des_encrypt|  return value|
|ap_idle            |  out|    1|  ap_ctrl_hs|   des_encrypt|  return value|
|ap_ready           |  out|    1|  ap_ctrl_hs|   des_encrypt|  return value|
|plaintext          |   in|   64|     ap_none|     plaintext|        scalar|
|key                |   in|   64|     ap_none|           key|        scalar|
|ciphertext         |  out|   64|      ap_vld|    ciphertext|       pointer|
|ciphertext_ap_vld  |  out|    1|      ap_vld|    ciphertext|       pointer|
+-------------------+-----+-----+------------+--------------+--------------+

============================================================
+ Verbose Summary: Synthesis Manager
============================================================
InlineROM: 1
ExposeGlobal: 0
============================================================
+ Verbose Summary: CDFG Model
============================================================
IsTopModel: 1
ResetActiveHigh: 1
IsCombinational: 2
IsDatapathOnly: 2
HasWiredReturn: 1
HasMFsm: 0
HasVarLatency: 1
IsPipeline: 0
IsRtlPipelined: 0
IsInstanceOverlapped: 0
IsDontTouch: 0
HasImplIP: 0
IsGatedGlobalClock: 0


============================================================
+ Verbose Summary: Schedule
============================================================
* Number of FSM states : 2
* Pipeline : 0
* Dataflow Pipeline: 0

* FSM state transitions: 
1 --> 2 
2 --> 

* FSM state operations: 

State 1 <SV = 0> <Delay = 5.72>
ST_1 : Operation 3 [1/1] (0.00ns)   --->   "%key_read = read i64 @_ssdm_op_Read.ap_none.i64, i64 %key" [../des.cpp:223]   --->   Operation 3 'read' 'key_read' <Predicate = true> <Delay = 0.00>
ST_1 : Operation 4 [1/1] (0.00ns)   --->   "%plaintext_read = read i64 @_ssdm_op_Read.ap_none.i64, i64 %plaintext" [../des.cpp:223]   --->   Operation 4 'read' 'plaintext_read' <Predicate = true> <Delay = 0.00>
ST_1 : Operation 5 [1/1] (0.00ns)   --->   "%call_ret = call i768 @generate_subkeys, i64 %key_read" [../des.cpp:232]   --->   Operation 5 'call' 'call_ret' <Predicate = true> <Delay = 0.00> <CoreType = "Generic">   --->   Generic Core
ST_1 : Operation 6 [1/1] (0.00ns)   --->   "%subkeys = extractvalue i768 %call_ret" [../des.cpp:232]   --->   Operation 6 'extractvalue' 'subkeys' <Predicate = true> <Delay = 0.00>
ST_1 : Operation 7 [1/1] (0.00ns)   --->   "%subkeys_1 = extractvalue i768 %call_ret" [../des.cpp:232]   --->   Operation 7 'extractvalue' 'subkeys_1' <Predicate = true> <Delay = 0.00>
ST_1 : Operation 8 [1/1] (0.00ns)   --->   "%subkeys_2 = extractvalue i768 %call_ret" [../des.cpp:232]   --->   Operation 8 'extractvalue' 'subkeys_2' <Predicate = true> <Delay = 0.00>
ST_1 : Operation 9 [1/1] (0.00ns)   --->   "%subkeys_3 = extractvalue i768 %call_ret" [../des.cpp:232]   --->   Operation 9 'extractvalue' 'subkeys_3' <Predicate = true> <Delay = 0.00>
ST_1 : Operation 10 [1/1] (0.00ns)   --->   "%subkeys_4 = extractvalue i768 %call_ret" [../des.cpp:232]   --->   Operation 10 'extractvalue' 'subkeys_4' <Predicate = true> <Delay = 0.00>
ST_1 : Operation 11 [1/1] (0.00ns)   --->   "%subkeys_5 = extractvalue i768 %call_ret" [../des.cpp:232]   --->   Operation 11 'extractvalue' 'subkeys_5' <Predicate = true> <Delay = 0.00>
ST_1 : Operation 12 [1/1] (0.00ns)   --->   "%subkeys_6 = extractvalue i768 %call_ret" [../des.cpp:232]   --->   Operation 12 'extractvalue' 'subkeys_6' <Predicate = true> <Delay = 0.00>
ST_1 : Operation 13 [1/1] (0.00ns)   --->   "%subkeys_7 = extractvalue i768 %call_ret" [../des.cpp:232]   --->   Operation 13 'extractvalue' 'subkeys_7' <Predicate = true> <Delay = 0.00>
ST_1 : Operation 14 [1/1] (0.00ns)   --->   "%subkeys_8 = extractvalue i768 %call_ret" [../des.cpp:232]   --->   Operation 14 'extractvalue' 'subkeys_8' <Predicate = true> <Delay = 0.00>
ST_1 : Operation 15 [1/1] (0.00ns)   --->   "%subkeys_9 = extractvalue i768 %call_ret" [../des.cpp:232]   --->   Operation 15 'extractvalue' 'subkeys_9' <Predicate = true> <Delay = 0.00>
ST_1 : Operation 16 [1/1] (0.00ns)   --->   "%subkeys_10 = extractvalue i768 %call_ret" [../des.cpp:232]   --->   Operation 16 'extractvalue' 'subkeys_10' <Predicate = true> <Delay = 0.00>
ST_1 : Operation 17 [1/1] (0.00ns)   --->   "%subkeys_11 = extractvalue i768 %call_ret" [../des.cpp:232]   --->   Operation 17 'extractvalue' 'subkeys_11' <Predicate = true> <Delay = 0.00>
ST_1 : Operation 18 [1/1] (0.00ns)   --->   "%subkeys_12 = extractvalue i768 %call_ret" [../des.cpp:232]   --->   Operation 18 'extractvalue' 'subkeys_12' <Predicate = true> <Delay = 0.00>
ST_1 : Operation 19 [1/1] (0.00ns)   --->   "%subkeys_13 = extractvalue i768 %call_ret" [../des.cpp:232]   --->   Operation 19 'extractvalue' 'subkeys_13' <Predicate = true> <Delay = 0.00>
ST_1 : Operation 20 [1/1] (0.00ns)   --->   "%subkeys_14 = extractvalue i768 %call_ret" [../des.cpp:232]   --->   Operation 20 'extractvalue' 'subkeys_14' <Predicate = true> <Delay = 0.00>
ST_1 : Operation 21 [1/1] (0.00ns)   --->   "%subkeys_15 = extractvalue i768 %call_ret" [../des.cpp:232]   --->   Operation 21 'extractvalue' 'subkeys_15' <Predicate = true> <Delay = 0.00>
ST_1 : Operation 22 [2/2] (5.72ns)   --->   "%ref_tmp = call i64 @des_core, i64 %plaintext_read, i48 %subkeys, i48 %subkeys_1, i48 %subkeys_2, i48 %subkeys_3, i48 %subkeys_4, i48 %subkeys_5, i48 %subkeys_6, i48 %subkeys_7, i48 %subkeys_8, i48 %subkeys_9, i48 %subkeys_10, i48 %subkeys_11, i48 %subkeys_12, i48 %subkeys_13, i48 %subkeys_14, i48 %subkeys_15" [../des.cpp:235]   --->   Operation 22 'call' 'ref_tmp' <Predicate = true> <Delay = 5.72> <CoreType = "Generic">   --->   Generic Core

State 2 <SV = 1> <Delay = 6.72>
ST_2 : Operation 23 [1/1] (0.00ns)   --->   "%spectopmodule_ln223 = spectopmodule void @_ssdm_op_SpecTopModule, void @empty_2" [../des.cpp:223]   --->   Operation 23 'spectopmodule' 'spectopmodule_ln223' <Predicate = true> <Delay = 0.00>
ST_2 : Operation 24 [1/1] (0.00ns)   --->   "%specinterface_ln223 = specinterface void @_ssdm_op_SpecInterface, i32 0, void @empty_3, i32 0, i32 0, void @empty_0, i32 0, i32 0, void @empty_0, void @empty_0, void @empty_0, i32 0, i32 0, i32 0, i32 0, void @empty_0, void @empty_0, i32 4294967295, i32 0, i32 0, i32 0" [../des.cpp:223]   --->   Operation 24 'specinterface' 'specinterface_ln223' <Predicate = true> <Delay = 0.00>
ST_2 : Operation 25 [1/1] (0.00ns)   --->   "%specbitsmap_ln0 = specbitsmap void @_ssdm_op_SpecBitsMap, i64 %plaintext"   --->   Operation 25 'specbitsmap' 'specbitsmap_ln0' <Predicate = true> <Delay = 0.00>
ST_2 : Operation 26 [1/1] (0.00ns)   --->   "%specinterface_ln0 = specinterface void @_ssdm_op_SpecInterface, i64 %plaintext, void @empty, i32 4294967295, i32 4294967295, void @empty_0, i32 0, i32 0, void @empty_0, void @empty_0, void @empty_0, i32 0, i32 0, i32 0, i32 0, void @empty_0, void @empty_0, i32 4294967295, i32 0, i32 0, i32 0"   --->   Operation 26 'specinterface' 'specinterface_ln0' <Predicate = true> <Delay = 0.00>
ST_2 : Operation 27 [1/1] (0.00ns)   --->   "%specbitsmap_ln0 = specbitsmap void @_ssdm_op_SpecBitsMap, i64 %key"   --->   Operation 27 'specbitsmap' 'specbitsmap_ln0' <Predicate = true> <Delay = 0.00>
ST_2 : Operation 28 [1/1] (0.00ns)   --->   "%specinterface_ln0 = specinterface void @_ssdm_op_SpecInterface, i64 %key, void @empty, i32 4294967295, i32 4294967295, void @empty_0, i32 0, i32 0, void @empty_0, void @empty_0, void @empty_0, i32 0, i32 0, i32 0, i32 0, void @empty_0, void @empty_0, i32 4294967295, i32 0, i32 0, i32 0"   --->   Operation 28 'specinterface' 'specinterface_ln0' <Predicate = true> <Delay = 0.00>
ST_2 : Operation 29 [1/1] (0.00ns)   --->   "%specbitsmap_ln0 = specbitsmap void @_ssdm_op_SpecBitsMap, i64 %ciphertext"   --->   Operation 29 'specbitsmap' 'specbitsmap_ln0' <Predicate = true> <Delay = 0.00>
ST_2 : Operation 30 [1/1] (0.00ns)   --->   "%specinterface_ln0 = specinterface void @_ssdm_op_SpecInterface, i64 %ciphertext, void @empty_1, i32 4294967295, i32 4294967295, void @empty_0, i32 0, i32 0, void @empty_0, void @empty_0, void @empty_0, i32 0, i32 0, i32 0, i32 0, void @empty_0, void @empty_0, i32 4294967295, i32 0, i32 0, i32 0"   --->   Operation 30 'specinterface' 'specinterface_ln0' <Predicate = true> <Delay = 0.00>
ST_2 : Operation 31 [1/2] (6.72ns)   --->   "%ref_tmp = call i64 @des_core, i64 %plaintext_read, i48 %subkeys, i48 %subkeys_1, i48 %subkeys_2, i48 %subkeys_3, i48 %subkeys_4, i48 %subkeys_5, i48 %subkeys_6, i48 %subkeys_7, i48 %subkeys_8, i48 %subkeys_9, i48 %subkeys_10, i48 %subkeys_11, i48 %subkeys_12, i48 %subkeys_13, i48 %subkeys_14, i48 %subkeys_15" [../des.cpp:235]   --->   Operation 31 'call' 'ref_tmp' <Predicate = true> <Delay = 6.72> <CoreType = "Generic">   --->   Generic Core
ST_2 : Operation 32 [1/1] (0.00ns)   --->   "%write_ln235 = write void @_ssdm_op_Write.ap_vld.i64P0A, i64 %ciphertext, i64 %ref_tmp" [../des.cpp:235]   --->   Operation 32 'write' 'write_ln235' <Predicate = true> <Delay = 0.00>
ST_2 : Operation 33 [1/1] (0.00ns)   --->   "%ret_ln236 = ret" [../des.cpp:236]   --->   Operation 33 'ret' 'ret_ln236' <Predicate = true> <Delay = 0.00>


============================================================
+ Verbose Summary: Binding
============================================================
STG Binding: 
---------------- STG Properties BEGIN ----------------
- Is combinational: 0
- Is one-state seq: 0
- Is datapath-only: 0
- Is pipelined: 0
- Is top level: 1
Port [ Return ] is wired: 1; IO mode=ap_ctrl_hs:ce=0
Port [ plaintext]:  wired=1; compound=0; hidden=0; nouse=0; global=0; static=0; extern=0; dir=0; type=0; pingpong=0; private_global=0; IO mode=ap_none:ce=0
Port [ key]:  wired=1; compound=0; hidden=0; nouse=0; global=0; static=0; extern=0; dir=0; type=0; pingpong=0; private_global=0; IO mode=ap_none:ce=0
Port [ ciphertext]:  wired=1; compound=0; hidden=0; nouse=0; global=0; static=0; extern=0; dir=1; type=0; pingpong=0; private_global=0; IO mode=ap_vld:ce=0
---------------- STG Properties END ------------------

---------------- Datapath Model BEGIN ----------------

<LifeTime>
<method=bitvector/>
key_read            (read         ) [ 000]
plaintext_read      (read         ) [ 001]
call_ret            (call         ) [ 000]
subkeys             (extractvalue ) [ 001]
subkeys_1           (extractvalue ) [ 001]
subkeys_2           (extractvalue ) [ 001]
subkeys_3           (extractvalue ) [ 001]
subkeys_4           (extractvalue ) [ 001]
subkeys_5           (extractvalue ) [ 001]
subkeys_6           (extractvalue ) [ 001]
subkeys_7           (extractvalue ) [ 001]
subkeys_8           (extractvalue ) [ 001]
subkeys_9           (extractvalue ) [ 001]
subkeys_10          (extractvalue ) [ 001]
subkeys_11          (extractvalue ) [ 001]
subkeys_12          (extractvalue ) [ 001]
subkeys_13          (extractvalue ) [ 001]
subkeys_14          (extractvalue ) [ 001]
subkeys_15          (extractvalue ) [ 001]
spectopmodule_ln223 (spectopmodule) [ 000]
specinterface_ln223 (specinterface) [ 000]
specbitsmap_ln0     (specbitsmap  ) [ 000]
specinterface_ln0   (specinterface) [ 000]
specbitsmap_ln0     (specbitsmap  ) [ 000]
specinterface_ln0   (specinterface) [ 000]
specbitsmap_ln0     (specbitsmap  ) [ 000]
specinterface_ln0   (specinterface) [ 000]
ref_tmp             (call         ) [ 000]
write_ln235         (write        ) [ 000]
ret_ln236           (ret          ) [ 000]
</LifeTime>

<model>

<comp_list>
<comp id="0" class="1000" name="plaintext">
<pin_list>
<pin id="1" dir="1" index="0" bw="1" slack="0"/>
</pin_list>
<bind>
<StgValue><ssdm name="plaintext"/></StgValue>
</bind>
</comp>

<comp id="2" class="1000" name="key">
<pin_list>
<pin id="3" dir="1" index="0" bw="1" slack="0"/>
</pin_list>
<bind>
<StgValue><ssdm name="key"/></StgValue>
</bind>
</comp>

<comp id="4" class="1000" name="ciphertext">
<pin_list>
<pin id="5" dir="1" index="0" bw="1" slack="0"/>
</pin_list>
<bind>
<StgValue><ssdm name="ciphertext"/></StgValue>
</bind>
</comp>

<comp id="6" class="1001" name="const_6">
<pin_list>
<pin id="7" dir="1" index="0" bw="1" slack="0"/>
</pin_list>
<bind>
<StgValue><ssdm name="_ssdm_op_Read.ap_none.i64"/></StgValue>
</bind>
</comp>

<comp id="8" class="1001" name="const_8">
<pin_list>
<pin id="9" dir="1" index="0" bw="1" slack="0"/>
</pin_list>
<bind>
<StgValue><ssdm name="generate_subkeys"/></StgValue>
</bind>
</comp>

<comp id="10" class="1001" name="const_10">
<pin_list>
<pin id="11" dir="1" index="0" bw="1" slack="0"/>
</pin_list>
<bind>
<StgValue><ssdm name="des_core"/></StgValue>
</bind>
</comp>

<comp id="12" class="1001" name="const_12">
<pin_list>
<pin id="13" dir="1" index="0" bw="1" slack="2147483647"/>
</pin_list>
<bind>
<StgValue><ssdm name="_ssdm_op_SpecTopModule"/></StgValue>
</bind>
</comp>

<comp id="14" class="1001" name="const_14">
<pin_list>
<pin id="15" dir="1" index="0" bw="1" slack="2147483647"/>
</pin_list>
<bind>
<StgValue><ssdm name="empty_2"/></StgValue>
</bind>
</comp>

<comp id="16" class="1001" name="const_16">
<pin_list>
<pin id="17" dir="1" index="0" bw="1" slack="2147483647"/>
</pin_list>
<bind>
<StgValue><ssdm name="_ssdm_op_SpecInterface"/></StgValue>
</bind>
</comp>

<comp id="18" class="1001" name="const_18">
<pin_list>
<pin id="19" dir="1" index="0" bw="1" slack="2147483647"/>
</pin_list>
<bind>
<StgValue><ssdm name=""/></StgValue>
</bind>
</comp>

<comp id="20" class="1001" name="const_20">
<pin_list>
<pin id="21" dir="1" index="0" bw="1" slack="2147483647"/>
</pin_list>
<bind>
<StgValue><ssdm name="empty_3"/></StgValue>
</bind>
</comp>

<comp id="22" class="1001" name="const_22">
<pin_list>
<pin id="23" dir="1" index="0" bw="1" slack="2147483647"/>
</pin_list>
<bind>
<StgValue><ssdm name="empty_0"/></StgValue>
</bind>
</comp>

<comp id="24" class="1001" name="const_24">
<pin_list>
<pin id="25" dir="1" index="0" bw="1" slack="2147483647"/>
</pin_list>
<bind>
<StgValue><ssdm name=""/></StgValue>
</bind>
</comp>

<comp id="26" class="1001" name="const_26">
<pin_list>
<pin id="27" dir="1" index="0" bw="1" slack="2147483647"/>
</pin_list>
<bind>
<StgValue><ssdm name="_ssdm_op_SpecBitsMap"/></StgValue>
</bind>
</comp>

<comp id="28" class="1001" name="const_28">
<pin_list>
<pin id="29" dir="1" index="0" bw="1" slack="2147483647"/>
</pin_list>
<bind>
<StgValue><ssdm name="empty"/></StgValue>
</bind>
</comp>

<comp id="30" class="1001" name="const_30">
<pin_list>
<pin id="31" dir="1" index="0" bw="1" slack="2147483647"/>
</pin_list>
<bind>
<StgValue><ssdm name="empty_1"/></StgValue>
</bind>
</comp>

<comp id="32" class="1001" name="const_32">
<pin_list>
<pin id="33" dir="1" index="0" bw="1" slack="0"/>
</pin_list>
<bind>
<StgValue><ssdm name="_ssdm_op_Write.ap_vld.i64P0A"/></StgValue>
</bind>
</comp>

<comp id="34" class="1004" name="key_read_read_fu_34">
<pin_list>
<pin id="35" dir="0" index="0" bw="64" slack="0"/>
<pin id="36" dir="0" index="1" bw="64" slack="0"/>
<pin id="37" dir="1" index="2" bw="64" slack="0"/>
</pin_list>
<bind>
<opcode="read(1150) " fcode="read"/>
<opset="key_read/1 "/>
</bind>
</comp>

<comp id="40" class="1004" name="plaintext_read_read_fu_40">
<pin_list>
<pin id="41" dir="0" index="0" bw="64" slack="0"/>
<pin id="42" dir="0" index="1" bw="64" slack="0"/>
<pin id="43" dir="1" index="2" bw="64" slack="0"/>
</pin_list>
<bind>
<opcode="read(1150) " fcode="read"/>
<opset="plaintext_read/1 "/>
</bind>
</comp>

<comp id="46" class="1004" name="write_ln235_write_fu_46">
<pin_list>
<pin id="47" dir="0" index="0" bw="0" slack="0"/>
<pin id="48" dir="0" index="1" bw="64" slack="0"/>
<pin id="49" dir="0" index="2" bw="64" slack="0"/>
<pin id="50" dir="1" index="3" bw="0" slack="2147483647"/>
</pin_list>
<bind>
<opcode="write(1151) " fcode="write"/>
<opset="write_ln235/2 "/>
</bind>
</comp>

<comp id="53" class="1004" name="call_ret_generate_subkeys_fu_53">
<pin_list>
<pin id="54" dir="0" index="0" bw="768" slack="0"/>
<pin id="55" dir="0" index="1" bw="64" slack="0"/>
<pin id="56" dir="1" index="2" bw="768" slack="0"/>
</pin_list>
<bind>
<opcode="call(48) " fcode="call"/>
<opset="call_ret/1 "/>
</bind>
</comp>

<comp id="59" class="1004" name="grp_des_core_fu_59">
<pin_list>
<pin id="60" dir="0" index="0" bw="64" slack="0"/>
<pin id="61" dir="0" index="1" bw="64" slack="0"/>
<pin id="62" dir="0" index="2" bw="48" slack="0"/>
<pin id="63" dir="0" index="3" bw="48" slack="0"/>
<pin id="64" dir="0" index="4" bw="48" slack="0"/>
<pin id="65" dir="0" index="5" bw="48" slack="0"/>
<pin id="66" dir="0" index="6" bw="48" slack="0"/>
<pin id="67" dir="0" index="7" bw="48" slack="0"/>
<pin id="68" dir="0" index="8" bw="48" slack="0"/>
<pin id="69" dir="0" index="9" bw="48" slack="0"/>
<pin id="70" dir="0" index="10" bw="48" slack="0"/>
<pin id="71" dir="0" index="11" bw="48" slack="0"/>
<pin id="72" dir="0" index="12" bw="48" slack="0"/>
<pin id="73" dir="0" index="13" bw="48" slack="0"/>
<pin id="74" dir="0" index="14" bw="48" slack="0"/>
<pin id="75" dir="0" index="15" bw="48" slack="0"/>
<pin id="76" dir="0" index="16" bw="48" slack="0"/>
<pin id="77" dir="0" index="17" bw="48" slack="0"/>
<pin id="78" dir="1" index="18" bw="64" slack="0"/>
</pin_list>
<bind>
<opcode="call(48) " fcode="call"/>
<opset="ref_tmp/1 "/>
</bind>
</comp>

<comp id="82" class="1004" name="subkeys_fu_82">
<pin_list>
<pin id="83" dir="0" index="0" bw="768" slack="0"/>
<pin id="84" dir="1" index="1" bw="48" slack="0"/>
</pin_list>
<bind>
<opcode="extractvalue(56) " fcode="extractvalue"/>
<opset="subkeys/1 "/>
</bind>
</comp>

<comp id="87" class="1004" name="subkeys_1_fu_87">
<pin_list>
<pin id="88" dir="0" index="0" bw="768" slack="0"/>
<pin id="89" dir="1" index="1" bw="48" slack="0"/>
</pin_list>
<bind>
<opcode="extractvalue(56) " fcode="extractvalue"/>
<opset="subkeys_1/1 "/>
</bind>
</comp>

<comp id="92" class="1004" name="subkeys_2_fu_92">
<pin_list>
<pin id="93" dir="0" index="0" bw="768" slack="0"/>
<pin id="94" dir="1" index="1" bw="48" slack="0"/>
</pin_list>
<bind>
<opcode="extractvalue(56) " fcode="extractvalue"/>
<opset="subkeys_2/1 "/>
</bind>
</comp>

<comp id="97" class="1004" name="subkeys_3_fu_97">
<pin_list>
<pin id="98" dir="0" index="0" bw="768" slack="0"/>
<pin id="99" dir="1" index="1" bw="48" slack="0"/>
</pin_list>
<bind>
<opcode="extractvalue(56) " fcode="extractvalue"/>
<opset="subkeys_3/1 "/>
</bind>
</comp>

<comp id="102" class="1004" name="subkeys_4_fu_102">
<pin_list>
<pin id="103" dir="0" index="0" bw="768" slack="0"/>
<pin id="104" dir="1" index="1" bw="48" slack="0"/>
</pin_list>
<bind>
<opcode="extractvalue(56) " fcode="extractvalue"/>
<opset="subkeys_4/1 "/>
</bind>
</comp>

<comp id="107" class="1004" name="subkeys_5_fu_107">
<pin_list>
<pin id="108" dir="0" index="0" bw="768" slack="0"/>
<pin id="109" dir="1" index="1" bw="48" slack="0"/>
</pin_list>
<bind>
<opcode="extractvalue(56) " fcode="extractvalue"/>
<opset="subkeys_5/1 "/>
</bind>
</comp>

<comp id="112" class="1004" name="subkeys_6_fu_112">
<pin_list>
<pin id="113" dir="0" index="0" bw="768" slack="0"/>
<pin id="114" dir="1" index="1" bw="48" slack="0"/>
</pin_list>
<bind>
<opcode="extractvalue(56) " fcode="extractvalue"/>
<opset="subkeys_6/1 "/>
</bind>
</comp>

<comp id="117" class="1004" name="subkeys_7_fu_117">
<pin_list>
<pin id="118" dir="0" index="0" bw="768" slack="0"/>
<pin id="119" dir="1" index="1" bw="48" slack="0"/>
</pin_list>
<bind>
<opcode="extractvalue(56) " fcode="extractvalue"/>
<opset="subkeys_7/1 "/>
</bind>
</comp>

<comp id="122" class="1004" name="subkeys_8_fu_122">
<pin_list>
<pin id="123" dir="0" index="0" bw="768" slack="0"/>
<pin id="124" dir="1" index="1" bw="48" slack="0"/>
</pin_list>
<bind>
<opcode="extractvalue(56) " fcode="extractvalue"/>
<opset="subkeys_8/1 "/>
</bind>
</comp>

<comp id="127" class="1004" name="subkeys_9_fu_127">
<pin_list>
<pin id="128" dir="0" index="0" bw="768" slack="0"/>
<pin id="129" dir="1" index="1" bw="48" slack="0"/>
</pin_list>
<bind>
<opcode="extractvalue(56) " fcode="extractvalue"/>
<opset="subkeys_9/1 "/>
</bind>
</comp>

<comp id="132" class="1004" name="subkeys_10_fu_132">
<pin_list>
<pin id="133" dir="0" index="0" bw="768" slack="0"/>
<pin id="134" dir="1" index="1" bw="48" slack="0"/>
</pin_list>
<bind>
<opcode="extractvalue(56) " fcode="extractvalue"/>
<opset="subkeys_10/1 "/>
</bind>
</comp>

<comp id="137" class="1004" name="subkeys_11_fu_137">
<pin_list>
<pin id="138" dir="0" index="0" bw="768" slack="0"/>
<pin id="139" dir="1" index="1" bw="48" slack="0"/>
</pin_list>
<bind>
<opcode="extractvalue(56) " fcode="extractvalue"/>
<opset="subkeys_11/1 "/>
</bind>
</comp>

<comp id="142" class="1004" name="subkeys_12_fu_142">
<pin_list>
<pin id="143" dir="0" index="0" bw="768" slack="0"/>
<pin id="144" dir="1" index="1" bw="48" slack="0"/>
</pin_list>
<bind>
<opcode="extractvalue(56) " fcode="extractvalue"/>
<opset="subkeys_12/1 "/>
</bind>
</comp>

<comp id="147" class="1004" name="subkeys_13_fu_147">
<pin_list>
<pin id="148" dir="0" index="0" bw="768" slack="0"/>
<pin id="149" dir="1" index="1" bw="48" slack="0"/>
</pin_list>
<bind>
<opcode="extractvalue(56) " fcode="extractvalue"/>
<opset="subkeys_13/1 "/>
</bind>
</comp>

<comp id="152" class="1004" name="subkeys_14_fu_152">
<pin_list>
<pin id="153" dir="0" index="0" bw="768" slack="0"/>
<pin id="154" dir="1" index="1" bw="48" slack="0"/>
</pin_list>
<bind>
<opcode="extractvalue(56) " fcode="extractvalue"/>
<opset="subkeys_14/1 "/>
</bind>
</comp>

<comp id="157" class="1004" name="subkeys_15_fu_157">
<pin_list>
<pin id="158" dir="0" index="0" bw="768" slack="0"/>
<pin id="159" dir="1" index="1" bw="48" slack="0"/>
</pin_list>
<bind>
<opcode="extractvalue(56) " fcode="extractvalue"/>
<opset="subkeys_15/1 "/>
</bind>
</comp>

<comp id="162" class="1005" name="plaintext_read_reg_162">
<pin_list>
<pin id="163" dir="0" index="0" bw="64" slack="1"/>
<pin id="164" dir="1" index="1" bw="64" slack="1"/>
</pin_list>
<bind>
<opset="plaintext_read "/>
</bind>
</comp>

<comp id="167" class="1005" name="subkeys_reg_167">
<pin_list>
<pin id="168" dir="0" index="0" bw="48" slack="1"/>
<pin id="169" dir="1" index="1" bw="48" slack="1"/>
</pin_list>
<bind>
<opset="subkeys "/>
</bind>
</comp>

<comp id="172" class="1005" name="subkeys_1_reg_172">
<pin_list>
<pin id="173" dir="0" index="0" bw="48" slack="1"/>
<pin id="174" dir="1" index="1" bw="48" slack="1"/>
</pin_list>
<bind>
<opset="subkeys_1 "/>
</bind>
</comp>

<comp id="177" class="1005" name="subkeys_2_reg_177">
<pin_list>
<pin id="178" dir="0" index="0" bw="48" slack="1"/>
<pin id="179" dir="1" index="1" bw="48" slack="1"/>
</pin_list>
<bind>
<opset="subkeys_2 "/>
</bind>
</comp>

<comp id="182" class="1005" name="subkeys_3_reg_182">
<pin_list>
<pin id="183" dir="0" index="0" bw="48" slack="1"/>
<pin id="184" dir="1" index="1" bw="48" slack="1"/>
</pin_list>
<bind>
<opset="subkeys_3 "/>
</bind>
</comp>

<comp id="187" class="1005" name="subkeys_4_reg_187">
<pin_list>
<pin id="188" dir="0" index="0" bw="48" slack="1"/>
<pin id="189" dir="1" index="1" bw="48" slack="1"/>
</pin_list>
<bind>
<opset="subkeys_4 "/>
</bind>
</comp>

<comp id="192" class="1005" name="subkeys_5_reg_192">
<pin_list>
<pin id="193" dir="0" index="0" bw="48" slack="1"/>
<pin id="194" dir="1" index="1" bw="48" slack="1"/>
</pin_list>
<bind>
<opset="subkeys_5 "/>
</bind>
</comp>

<comp id="197" class="1005" name="subkeys_6_reg_197">
<pin_list>
<pin id="198" dir="0" index="0" bw="48" slack="1"/>
<pin id="199" dir="1" index="1" bw="48" slack="1"/>
</pin_list>
<bind>
<opset="subkeys_6 "/>
</bind>
</comp>

<comp id="202" class="1005" name="subkeys_7_reg_202">
<pin_list>
<pin id="203" dir="0" index="0" bw="48" slack="1"/>
<pin id="204" dir="1" index="1" bw="48" slack="1"/>
</pin_list>
<bind>
<opset="subkeys_7 "/>
</bind>
</comp>

<comp id="207" class="1005" name="subkeys_8_reg_207">
<pin_list>
<pin id="208" dir="0" index="0" bw="48" slack="1"/>
<pin id="209" dir="1" index="1" bw="48" slack="1"/>
</pin_list>
<bind>
<opset="subkeys_8 "/>
</bind>
</comp>

<comp id="212" class="1005" name="subkeys_9_reg_212">
<pin_list>
<pin id="213" dir="0" index="0" bw="48" slack="1"/>
<pin id="214" dir="1" index="1" bw="48" slack="1"/>
</pin_list>
<bind>
<opset="subkeys_9 "/>
</bind>
</comp>

<comp id="217" class="1005" name="subkeys_10_reg_217">
<pin_list>
<pin id="218" dir="0" index="0" bw="48" slack="1"/>
<pin id="219" dir="1" index="1" bw="48" slack="1"/>
</pin_list>
<bind>
<opset="subkeys_10 "/>
</bind>
</comp>

<comp id="222" class="1005" name="subkeys_11_reg_222">
<pin_list>
<pin id="223" dir="0" index="0" bw="48" slack="1"/>
<pin id="224" dir="1" index="1" bw="48" slack="1"/>
</pin_list>
<bind>
<opset="subkeys_11 "/>
</bind>
</comp>

<comp id="227" class="1005" name="subkeys_12_reg_227">
<pin_list>
<pin id="228" dir="0" index="0" bw="48" slack="1"/>
<pin id="229" dir="1" index="1" bw="48" slack="1"/>
</pin_list>
<bind>
<opset="subkeys_12 "/>
</bind>
</comp>

<comp id="232" class="1005" name="subkeys_13_reg_232">
<pin_list>
<pin id="233" dir="0" index="0" bw="48" slack="1"/>
<pin id="234" dir="1" index="1" bw="48" slack="1"/>
</pin_list>
<bind>
<opset="subkeys_13 "/>
</bind>
</comp>

<comp id="237" class="1005" name="subkeys_14_reg_237">
<pin_list>
<pin id="238" dir="0" index="0" bw="48" slack="1"/>
<pin id="239" dir="1" index="1" bw="48" slack="1"/>
</pin_list>
<bind>
<opset="subkeys_14 "/>
</bind>
</comp>

<comp id="242" class="1005" name="subkeys_15_reg_242">
<pin_list>
<pin id="243" dir="0" index="0" bw="48" slack="1"/>
<pin id="244" dir="1" index="1" bw="48" slack="1"/>
</pin_list>
<bind>
<opset="subkeys_15 "/>
</bind>
</comp>

</comp_list>

<net_list>
<net id="38"><net_src comp="6" pin="0"/><net_sink comp="34" pin=0"/></net>

<net id="39"><net_src comp="2" pin="0"/><net_sink comp="34" pin=1"/></net>

<net id="44"><net_src comp="6" pin="0"/><net_sink comp="40" pin=0"/></net>

<net id="45"><net_src comp="0" pin="0"/><net_sink comp="40" pin=1"/></net>

<net id="51"><net_src comp="32" pin="0"/><net_sink comp="46" pin=0"/></net>

<net id="52"><net_src comp="4" pin="0"/><net_sink comp="46" pin=1"/></net>

<net id="57"><net_src comp="8" pin="0"/><net_sink comp="53" pin=0"/></net>

<net id="58"><net_src comp="34" pin="2"/><net_sink comp="53" pin=1"/></net>

<net id="79"><net_src comp="59" pin="18"/><net_sink comp="46" pin=2"/></net>

<net id="80"><net_src comp="10" pin="0"/><net_sink comp="59" pin=0"/></net>

<net id="81"><net_src comp="40" pin="2"/><net_sink comp="59" pin=1"/></net>

<net id="85"><net_src comp="53" pin="2"/><net_sink comp="82" pin=0"/></net>

<net id="86"><net_src comp="82" pin="1"/><net_sink comp="59" pin=2"/></net>

<net id="90"><net_src comp="53" pin="2"/><net_sink comp="87" pin=0"/></net>

<net id="91"><net_src comp="87" pin="1"/><net_sink comp="59" pin=3"/></net>

<net id="95"><net_src comp="53" pin="2"/><net_sink comp="92" pin=0"/></net>

<net id="96"><net_src comp="92" pin="1"/><net_sink comp="59" pin=4"/></net>

<net id="100"><net_src comp="53" pin="2"/><net_sink comp="97" pin=0"/></net>

<net id="101"><net_src comp="97" pin="1"/><net_sink comp="59" pin=5"/></net>

<net id="105"><net_src comp="53" pin="2"/><net_sink comp="102" pin=0"/></net>

<net id="106"><net_src comp="102" pin="1"/><net_sink comp="59" pin=6"/></net>

<net id="110"><net_src comp="53" pin="2"/><net_sink comp="107" pin=0"/></net>

<net id="111"><net_src comp="107" pin="1"/><net_sink comp="59" pin=7"/></net>

<net id="115"><net_src comp="53" pin="2"/><net_sink comp="112" pin=0"/></net>

<net id="116"><net_src comp="112" pin="1"/><net_sink comp="59" pin=8"/></net>

<net id="120"><net_src comp="53" pin="2"/><net_sink comp="117" pin=0"/></net>

<net id="121"><net_src comp="117" pin="1"/><net_sink comp="59" pin=9"/></net>

<net id="125"><net_src comp="53" pin="2"/><net_sink comp="122" pin=0"/></net>

<net id="126"><net_src comp="122" pin="1"/><net_sink comp="59" pin=10"/></net>

<net id="130"><net_src comp="53" pin="2"/><net_sink comp="127" pin=0"/></net>

<net id="131"><net_src comp="127" pin="1"/><net_sink comp="59" pin=11"/></net>

<net id="135"><net_src comp="53" pin="2"/><net_sink comp="132" pin=0"/></net>

<net id="136"><net_src comp="132" pin="1"/><net_sink comp="59" pin=12"/></net>

<net id="140"><net_src comp="53" pin="2"/><net_sink comp="137" pin=0"/></net>

<net id="141"><net_src comp="137" pin="1"/><net_sink comp="59" pin=13"/></net>

<net id="145"><net_src comp="53" pin="2"/><net_sink comp="142" pin=0"/></net>

<net id="146"><net_src comp="142" pin="1"/><net_sink comp="59" pin=14"/></net>

<net id="150"><net_src comp="53" pin="2"/><net_sink comp="147" pin=0"/></net>

<net id="151"><net_src comp="147" pin="1"/><net_sink comp="59" pin=15"/></net>

<net id="155"><net_src comp="53" pin="2"/><net_sink comp="152" pin=0"/></net>

<net id="156"><net_src comp="152" pin="1"/><net_sink comp="59" pin=16"/></net>

<net id="160"><net_src comp="53" pin="2"/><net_sink comp="157" pin=0"/></net>

<net id="161"><net_src comp="157" pin="1"/><net_sink comp="59" pin=17"/></net>

<net id="165"><net_src comp="40" pin="2"/><net_sink comp="162" pin=0"/></net>

<net id="166"><net_src comp="162" pin="1"/><net_sink comp="59" pin=1"/></net>

<net id="170"><net_src comp="82" pin="1"/><net_sink comp="167" pin=0"/></net>

<net id="171"><net_src comp="167" pin="1"/><net_sink comp="59" pin=2"/></net>

<net id="175"><net_src comp="87" pin="1"/><net_sink comp="172" pin=0"/></net>

<net id="176"><net_src comp="172" pin="1"/><net_sink comp="59" pin=3"/></net>

<net id="180"><net_src comp="92" pin="1"/><net_sink comp="177" pin=0"/></net>

<net id="181"><net_src comp="177" pin="1"/><net_sink comp="59" pin=4"/></net>

<net id="185"><net_src comp="97" pin="1"/><net_sink comp="182" pin=0"/></net>

<net id="186"><net_src comp="182" pin="1"/><net_sink comp="59" pin=5"/></net>

<net id="190"><net_src comp="102" pin="1"/><net_sink comp="187" pin=0"/></net>

<net id="191"><net_src comp="187" pin="1"/><net_sink comp="59" pin=6"/></net>

<net id="195"><net_src comp="107" pin="1"/><net_sink comp="192" pin=0"/></net>

<net id="196"><net_src comp="192" pin="1"/><net_sink comp="59" pin=7"/></net>

<net id="200"><net_src comp="112" pin="1"/><net_sink comp="197" pin=0"/></net>

<net id="201"><net_src comp="197" pin="1"/><net_sink comp="59" pin=8"/></net>

<net id="205"><net_src comp="117" pin="1"/><net_sink comp="202" pin=0"/></net>

<net id="206"><net_src comp="202" pin="1"/><net_sink comp="59" pin=9"/></net>

<net id="210"><net_src comp="122" pin="1"/><net_sink comp="207" pin=0"/></net>

<net id="211"><net_src comp="207" pin="1"/><net_sink comp="59" pin=10"/></net>

<net id="215"><net_src comp="127" pin="1"/><net_sink comp="212" pin=0"/></net>

<net id="216"><net_src comp="212" pin="1"/><net_sink comp="59" pin=11"/></net>

<net id="220"><net_src comp="132" pin="1"/><net_sink comp="217" pin=0"/></net>

<net id="221"><net_src comp="217" pin="1"/><net_sink comp="59" pin=12"/></net>

<net id="225"><net_src comp="137" pin="1"/><net_sink comp="222" pin=0"/></net>

<net id="226"><net_src comp="222" pin="1"/><net_sink comp="59" pin=13"/></net>

<net id="230"><net_src comp="142" pin="1"/><net_sink comp="227" pin=0"/></net>

<net id="231"><net_src comp="227" pin="1"/><net_sink comp="59" pin=14"/></net>

<net id="235"><net_src comp="147" pin="1"/><net_sink comp="232" pin=0"/></net>

<net id="236"><net_src comp="232" pin="1"/><net_sink comp="59" pin=15"/></net>

<net id="240"><net_src comp="152" pin="1"/><net_sink comp="237" pin=0"/></net>

<net id="241"><net_src comp="237" pin="1"/><net_sink comp="59" pin=16"/></net>

<net id="245"><net_src comp="157" pin="1"/><net_sink comp="242" pin=0"/></net>

<net id="246"><net_src comp="242" pin="1"/><net_sink comp="59" pin=17"/></net>

</net_list>

</model> 
---------------- Datapath Model END ------------------

* FSMD analyzer results:
  - Output states:
	Port: ciphertext | {2 }
 - Input state : 
	Port: des_encrypt : plaintext | {1 }
	Port: des_encrypt : key | {1 }
  - Chain level:
	State 1
		subkeys : 1
		subkeys_1 : 1
		subkeys_2 : 1
		subkeys_3 : 1
		subkeys_4 : 1
		subkeys_5 : 1
		subkeys_6 : 1
		subkeys_7 : 1
		subkeys_8 : 1
		subkeys_9 : 1
		subkeys_10 : 1
		subkeys_11 : 1
		subkeys_12 : 1
		subkeys_13 : 1
		subkeys_14 : 1
		subkeys_15 : 1
		ref_tmp : 2
	State 2
		write_ln235 : 1


============================================================
+ Verbose Summary: Datapath Resource usage 
============================================================

* Functional unit list:
|----------|---------------------------------|---------|---------|
| Operation|         Functional Unit         |    FF   |   LUT   |
|----------|---------------------------------|---------|---------|
|   call   | call_ret_generate_subkeys_fu_53 |    0    |    0    |
|          |        grp_des_core_fu_59       |   992   |  36736  |
|----------|---------------------------------|---------|---------|
|   read   |       key_read_read_fu_34       |    0    |    0    |
|          |    plaintext_read_read_fu_40    |    0    |    0    |
|----------|---------------------------------|---------|---------|
|   write  |     write_ln235_write_fu_46     |    0    |    0    |
|----------|---------------------------------|---------|---------|
|          |          subkeys_fu_82          |    0    |    0    |
|          |         subkeys_1_fu_87         |    0    |    0    |
|          |         subkeys_2_fu_92         |    0    |    0    |
|          |         subkeys_3_fu_97         |    0    |    0    |
|          |         subkeys_4_fu_102        |    0    |    0    |
|          |         subkeys_5_fu_107        |    0    |    0    |
|          |         subkeys_6_fu_112        |    0    |    0    |
|extractvalue|         subkeys_7_fu_117        |    0    |    0    |
|          |         subkeys_8_fu_122        |    0    |    0    |
|          |         subkeys_9_fu_127        |    0    |    0    |
|          |        subkeys_10_fu_132        |    0    |    0    |
|          |        subkeys_11_fu_137        |    0    |    0    |
|          |        subkeys_12_fu_142        |    0    |    0    |
|          |        subkeys_13_fu_147        |    0    |    0    |
|          |        subkeys_14_fu_152        |    0    |    0    |
|          |        subkeys_15_fu_157        |    0    |    0    |
|----------|---------------------------------|---------|---------|
|   Total  |                                 |   992   |  36736  |
|----------|---------------------------------|---------|---------|

Memories:
N/A

* Register list:
+----------------------+--------+
|                      |   FF   |
+----------------------+--------+
|plaintext_read_reg_162|   64   |
|  subkeys_10_reg_217  |   48   |
|  subkeys_11_reg_222  |   48   |
|  subkeys_12_reg_227  |   48   |
|  subkeys_13_reg_232  |   48   |
|  subkeys_14_reg_237  |   48   |
|  subkeys_15_reg_242  |   48   |
|   subkeys_1_reg_172  |   48   |
|   subkeys_2_reg_177  |   48   |
|   subkeys_3_reg_182  |   48   |
|   subkeys_4_reg_187  |   48   |
|   subkeys_5_reg_192  |   48   |
|   subkeys_6_reg_197  |   48   |
|   subkeys_7_reg_202  |   48   |
|   subkeys_8_reg_207  |   48   |
|   subkeys_9_reg_212  |   48   |
|    subkeys_reg_167   |   48   |
+----------------------+--------+
|         Total        |   832  |
+----------------------+--------+

* Multiplexer (MUX) list: 
|--------------------|------|------|------|--------||---------||---------||---------|
|        Comp        |  Pin | Size |  BW  | S x BW ||  Delay  ||    FF   ||   LUT   |
|--------------------|------|------|------|--------||---------||---------||---------|
| grp_des_core_fu_59 |  p1  |   2  |  64  |   128  ||    0    ||    9    |
| grp_des_core_fu_59 |  p2  |   2  |  48  |   96   ||    0    ||    9    |
| grp_des_core_fu_59 |  p3  |   2  |  48  |   96   ||    0    ||    9    |
| grp_des_core_fu_59 |  p4  |   2  |  48  |   96   ||    0    ||    9    |
| grp_des_core_fu_59 |  p5  |   2  |  48  |   96   ||    0    ||    9    |
| grp_des_core_fu_59 |  p6  |   2  |  48  |   96   ||    0    ||    9    |
| grp_des_core_fu_59 |  p7  |   2  |  48  |   96   ||    0    ||    9    |
| grp_des_core_fu_59 |  p8  |   2  |  48  |   96   ||    0    ||    9    |
| grp_des_core_fu_59 |  p9  |   2  |  48  |   96   ||    0    ||    9    |
| grp_des_core_fu_59 |  p10 |   2  |  48  |   96   ||    0    ||    9    |
| grp_des_core_fu_59 |  p11 |   2  |  48  |   96   ||    0    ||    9    |
| grp_des_core_fu_59 |  p12 |   2  |  48  |   96   ||    0    ||    9    |
| grp_des_core_fu_59 |  p13 |   2  |  48  |   96   ||    0    ||    9    |
| grp_des_core_fu_59 |  p14 |   2  |  48  |   96   ||    0    ||    9    |
| grp_des_core_fu_59 |  p15 |   2  |  48  |   96   ||    0    ||    9    |
| grp_des_core_fu_59 |  p16 |   2  |  48  |   96   ||    0    ||    9    |
| grp_des_core_fu_59 |  p17 |   2  |  48  |   96   ||    0    ||    9    |
|--------------------|------|------|------|--------||---------||---------||---------|
|        Total       |      |      |      |  1664  ||  27.37  ||    0    ||   153   |
|--------------------|------|------|------|--------||---------||---------||---------|



* Summary:
+-----------+--------+--------+--------+
|           |  Delay |   FF   |   LUT  |
+-----------+--------+--------+--------+
|  Function |    -   |   992  |  36736 |
|   Memory  |    -   |    -   |    -   |
|Multiplexer|   27   |    0   |   153  |
|  Register |    -   |   832  |    -   |
+-----------+--------+--------+--------+
|   Total   |   27   |  1824  |  36889 |
+-----------+--------+--------+--------+
